Archive member included because of file (symbol)

c:/program files (x86)/atmel/atmel toolchain/avr8 gcc/native/3.4.1061/avr8-gnu-toolchain/bin/../lib/gcc/avr/4.8.1/avr5\libgcc.a(_udivmodsi4.o)
                              src/ASF/common/services/calendar/calendar.o (__udivmodsi4)
c:/program files (x86)/atmel/atmel toolchain/avr8 gcc/native/3.4.1061/avr8-gnu-toolchain/bin/../lib/gcc/avr/4.8.1/avr5\libgcc.a(_exit.o)
                              c:/program files (x86)/atmel/atmel toolchain/avr8 gcc/native/3.4.1061/avr8-gnu-toolchain/bin/../lib/gcc/avr/4.8.1/../../../../avr/lib/avr5/crtm328p.o (exit)
c:/program files (x86)/atmel/atmel toolchain/avr8 gcc/native/3.4.1061/avr8-gnu-toolchain/bin/../lib/gcc/avr/4.8.1/avr5\libgcc.a(_copy_data.o)
                              src/ASF/common/services/calendar/calendar.o (__do_copy_data)
c:/program files (x86)/atmel/atmel toolchain/avr8 gcc/native/3.4.1061/avr8-gnu-toolchain/bin/../lib/gcc/avr/4.8.1/avr5\libgcc.a(_clear_bss.o)
                              src/ASF/common/utils/stdio/read.o (__do_clear_bss)
c:/program files (x86)/atmel/atmel toolchain/avr8 gcc/native/3.4.1061/avr8-gnu-toolchain/bin/../lib/gcc/avr/4.8.1/avr5\libgcc.a(_umulhisi3.o)
                              src/ASF/common/services/calendar/calendar.o (__umulhisi3)
c:/program files (x86)/atmel/atmel toolchain/avr8 gcc/native/3.4.1061/avr8-gnu-toolchain/bin/../lib/gcc/avr/4.8.1/avr5\libgcc.a(_usmulhisi3.o)
                              src/ASF/common/services/calendar/calendar.o (__usmulhisi3)
c:/program files (x86)/atmel/atmel toolchain/avr8 gcc/native/3.4.1061/avr8-gnu-toolchain/bin/../lib/gcc/avr/4.8.1/avr5\libgcc.a(_muluhisi3.o)
                              src/ASF/common/services/calendar/calendar.o (__muluhisi3)
c:/program files (x86)/atmel/atmel toolchain/avr8 gcc/native/3.4.1061/avr8-gnu-toolchain/bin/../lib/gcc/avr/4.8.1/../../../../avr/lib/avr5\libc.a(setjmp.o)
                              src/ASF/common/utils/unit_test/suite.o (setjmp)
c:/program files (x86)/atmel/atmel toolchain/avr8 gcc/native/3.4.1061/avr8-gnu-toolchain/bin/../lib/gcc/avr/4.8.1/../../../../avr/lib/avr5\libc.a(fputc.o)
                              src/ASF/common/utils/unit_test/suite.o (fputc)
c:/program files (x86)/atmel/atmel toolchain/avr8 gcc/native/3.4.1061/avr8-gnu-toolchain/bin/../lib/gcc/avr/4.8.1/../../../../avr/lib/avr5\libc.a(iob.o)
                              src/ASF/common/utils/unit_test/suite.o (__iob)
c:/program files (x86)/atmel/atmel toolchain/avr8 gcc/native/3.4.1061/avr8-gnu-toolchain/bin/../lib/gcc/avr/4.8.1/../../../../avr/lib/avr5\libc.a(printf.o)
                              src/ASF/common/services/calendar/calendar.o (printf)
c:/program files (x86)/atmel/atmel toolchain/avr8 gcc/native/3.4.1061/avr8-gnu-toolchain/bin/../lib/gcc/avr/4.8.1/../../../../avr/lib/avr5\libc.a(puts.o)
                              src/ASF/common/utils/unit_test/suite.o (puts)
c:/program files (x86)/atmel/atmel toolchain/avr8 gcc/native/3.4.1061/avr8-gnu-toolchain/bin/../lib/gcc/avr/4.8.1/../../../../avr/lib/avr5\libc.a(vfprintf_std.o)
                              src/ASF/common/utils/unit_test/suite.o (vfprintf)
c:/program files (x86)/atmel/atmel toolchain/avr8 gcc/native/3.4.1061/avr8-gnu-toolchain/bin/../lib/gcc/avr/4.8.1/../../../../avr/lib/avr5\libc.a(strnlen_P.o)
                              c:/program files (x86)/atmel/atmel toolchain/avr8 gcc/native/3.4.1061/avr8-gnu-toolchain/bin/../lib/gcc/avr/4.8.1/../../../../avr/lib/avr5\libc.a(vfprintf_std.o) (strnlen_P)
c:/program files (x86)/atmel/atmel toolchain/avr8 gcc/native/3.4.1061/avr8-gnu-toolchain/bin/../lib/gcc/avr/4.8.1/../../../../avr/lib/avr5\libc.a(strnlen.o)
                              c:/program files (x86)/atmel/atmel toolchain/avr8 gcc/native/3.4.1061/avr8-gnu-toolchain/bin/../lib/gcc/avr/4.8.1/../../../../avr/lib/avr5\libc.a(vfprintf_std.o) (strnlen)
c:/program files (x86)/atmel/atmel toolchain/avr8 gcc/native/3.4.1061/avr8-gnu-toolchain/bin/../lib/gcc/avr/4.8.1/../../../../avr/lib/avr5\libc.a(ultoa_invert.o)
                              c:/program files (x86)/atmel/atmel toolchain/avr8 gcc/native/3.4.1061/avr8-gnu-toolchain/bin/../lib/gcc/avr/4.8.1/../../../../avr/lib/avr5\libc.a(vfprintf_std.o) (__ultoa_invert)
c:/program files (x86)/atmel/atmel toolchain/avr8 gcc/native/3.4.1061/avr8-gnu-toolchain/bin/../lib/gcc/avr/4.8.1/avr5\libgcc.a(_prologue.o)
                              c:/program files (x86)/atmel/atmel toolchain/avr8 gcc/native/3.4.1061/avr8-gnu-toolchain/bin/../lib/gcc/avr/4.8.1/../../../../avr/lib/avr5\libc.a(printf.o) (__prologue_saves__)
c:/program files (x86)/atmel/atmel toolchain/avr8 gcc/native/3.4.1061/avr8-gnu-toolchain/bin/../lib/gcc/avr/4.8.1/avr5\libgcc.a(_epilogue.o)
                              c:/program files (x86)/atmel/atmel toolchain/avr8 gcc/native/3.4.1061/avr8-gnu-toolchain/bin/../lib/gcc/avr/4.8.1/../../../../avr/lib/avr5\libc.a(printf.o) (__epilogue_restores__)

Allocating common symbols
Common symbol       size              file

ptr_get             0x2               src/ASF/common/utils/stdio/read.o
ptr_put             0x2               src/ASF/common/utils/stdio/write.o
stdio_base          0x2               src/ASF/common/utils/stdio/write.o
__iob               0x6               c:/program files (x86)/atmel/atmel toolchain/avr8 gcc/native/3.4.1061/avr8-gnu-toolchain/bin/../lib/gcc/avr/4.8.1/../../../../avr/lib/avr5\libc.a(iob.o)
test_priv_data      0x2               src/ASF/common/utils/unit_test/suite.o

Discarded input sections

 .data          0x00000000        0x0 c:/program files (x86)/atmel/atmel toolchain/avr8 gcc/native/3.4.1061/avr8-gnu-toolchain/bin/../lib/gcc/avr/4.8.1/../../../../avr/lib/avr5/crtm328p.o
 .bss           0x00000000        0x0 c:/program files (x86)/atmel/atmel toolchain/avr8 gcc/native/3.4.1061/avr8-gnu-toolchain/bin/../lib/gcc/avr/4.8.1/../../../../avr/lib/avr5/crtm328p.o
 .group         0x00000000        0x8 src/ASF/common/boards/user_board/init.o
 .group         0x00000000        0x8 src/ASF/common/boards/user_board/init.o
 .group         0x00000000        0x8 src/ASF/common/boards/user_board/init.o
 .group         0x00000000        0x8 src/ASF/common/boards/user_board/init.o
 .group         0x00000000        0x8 src/ASF/common/boards/user_board/init.o
 .group         0x00000000        0x8 src/ASF/common/boards/user_board/init.o
 .group         0x00000000        0x8 src/ASF/common/boards/user_board/init.o
 .group         0x00000000        0x8 src/ASF/common/boards/user_board/init.o
 .group         0x00000000        0x8 src/ASF/common/boards/user_board/init.o
 .group         0x00000000        0x8 src/ASF/common/boards/user_board/init.o
 .group         0x00000000        0x8 src/ASF/common/boards/user_board/init.o
 .group         0x00000000        0x8 src/ASF/common/boards/user_board/init.o
 .group         0x00000000        0x8 src/ASF/common/boards/user_board/init.o
 .group         0x00000000        0x8 src/ASF/common/boards/user_board/init.o
 .group         0x00000000        0x8 src/ASF/common/boards/user_board/init.o
 .group         0x00000000        0x8 src/ASF/common/boards/user_board/init.o
 .group         0x00000000        0x8 src/ASF/common/boards/user_board/init.o
 .group         0x00000000        0x8 src/ASF/common/boards/user_board/init.o
 .group         0x00000000        0x8 src/ASF/common/boards/user_board/init.o
 .group         0x00000000        0x8 src/ASF/common/boards/user_board/init.o
 .group         0x00000000        0x8 src/ASF/common/boards/user_board/init.o
 .group         0x00000000        0x8 src/ASF/common/boards/user_board/init.o
 .group         0x00000000        0x8 src/ASF/common/boards/user_board/init.o
 .group         0x00000000        0x8 src/ASF/common/boards/user_board/init.o
 .group         0x00000000        0x8 src/ASF/common/boards/user_board/init.o
 .group         0x00000000        0x8 src/ASF/common/boards/user_board/init.o
 .group         0x00000000        0x8 src/ASF/common/boards/user_board/init.o
 .group         0x00000000        0x8 src/ASF/common/boards/user_board/init.o
 .group         0x00000000        0x8 src/ASF/common/boards/user_board/init.o
 .group         0x00000000        0x8 src/ASF/common/boards/user_board/init.o
 .group         0x00000000        0x8 src/ASF/common/boards/user_board/init.o
 .group         0x00000000        0x8 src/ASF/common/boards/user_board/init.o
 .group         0x00000000        0x8 src/ASF/common/boards/user_board/init.o
 .group         0x00000000        0x8 src/ASF/common/boards/user_board/init.o
 .group         0x00000000        0x8 src/ASF/common/boards/user_board/init.o
 .group         0x00000000        0x8 src/ASF/common/boards/user_board/init.o
 .group         0x00000000        0x8 src/ASF/common/boards/user_board/init.o
 .group         0x00000000        0x8 src/ASF/common/boards/user_board/init.o
 .group         0x00000000        0x8 src/ASF/common/boards/user_board/init.o
 .text          0x00000000        0x0 src/ASF/common/boards/user_board/init.o
 .data          0x00000000        0x0 src/ASF/common/boards/user_board/init.o
 .bss           0x00000000        0x0 src/ASF/common/boards/user_board/init.o
 .group         0x00000000        0x8 src/ASF/common/services/calendar/calendar.o
 .group         0x00000000        0x8 src/ASF/common/services/calendar/calendar.o
 .group         0x00000000        0x8 src/ASF/common/services/calendar/calendar.o
 .group         0x00000000        0x8 src/ASF/common/services/calendar/calendar.o
 .group         0x00000000        0x8 src/ASF/common/services/calendar/calendar.o
 .group         0x00000000        0x8 src/ASF/common/services/calendar/calendar.o
 .group         0x00000000        0x8 src/ASF/common/services/calendar/calendar.o
 .group         0x00000000        0x8 src/ASF/common/services/calendar/calendar.o
 .group         0x00000000        0x8 src/ASF/common/services/calendar/calendar.o
 .group         0x00000000        0x8 src/ASF/common/services/calendar/calendar.o
 .group         0x00000000        0x8 src/ASF/common/services/calendar/calendar.o
 .group         0x00000000        0x8 src/ASF/common/services/calendar/calendar.o
 .group         0x00000000        0x8 src/ASF/common/services/calendar/calendar.o
 .group         0x00000000        0x8 src/ASF/common/services/calendar/calendar.o
 .group         0x00000000        0x8 src/ASF/common/services/calendar/calendar.o
 .group         0x00000000        0x8 src/ASF/common/services/calendar/calendar.o
 .group         0x00000000        0x8 src/ASF/common/services/calendar/calendar.o
 .group         0x00000000        0x8 src/ASF/common/services/calendar/calendar.o
 .group         0x00000000        0x8 src/ASF/common/services/calendar/calendar.o
 .group         0x00000000        0x8 src/ASF/common/services/calendar/calendar.o
 .group         0x00000000        0x8 src/ASF/common/services/calendar/calendar.o
 .group         0x00000000        0x8 src/ASF/common/services/calendar/calendar.o
 .group         0x00000000        0x8 src/ASF/common/services/calendar/calendar.o
 .group         0x00000000        0x8 src/ASF/common/services/calendar/calendar.o
 .group         0x00000000        0x8 src/ASF/common/services/calendar/calendar.o
 .group         0x00000000        0x8 src/ASF/common/services/calendar/calendar.o
 .group         0x00000000        0x8 src/ASF/common/services/calendar/calendar.o
 .group         0x00000000        0x8 src/ASF/common/services/calendar/calendar.o
 .group         0x00000000        0x8 src/ASF/common/services/calendar/calendar.o
 .text          0x00000000        0x0 src/ASF/common/services/calendar/calendar.o
 .data          0x00000000        0x0 src/ASF/common/services/calendar/calendar.o
 .bss           0x00000000        0x0 src/ASF/common/services/calendar/calendar.o
 .text.calendar_leapyear
                0x00000000       0x6e src/ASF/common/services/calendar/calendar.o
 .text.calendar_is_date_valid
                0x00000000       0x88 src/ASF/common/services/calendar/calendar.o
 .text.calendar_timestamp_to_date
                0x00000000      0x1a8 src/ASF/common/services/calendar/calendar.o
 .text.calendar_timestamp_to_date_tz
                0x00000000       0xa0 src/ASF/common/services/calendar/calendar.o
 .text.calendar_date_to_timestamp
                0x00000000      0x134 src/ASF/common/services/calendar/calendar.o
 .text.calendar_date_to_timestamp_tz
                0x00000000       0xb6 src/ASF/common/services/calendar/calendar.o
 .text.calendar_time_between_dates
                0x00000000      0x174 src/ASF/common/services/calendar/calendar.o
 .rodata.str1.1
                0x00000000       0x82 src/ASF/common/services/calendar/calendar.o
 .text.calendar_add_second_to_date
                0x00000000      0x13a src/ASF/common/services/calendar/calendar.o
 .rodata.month  0x00000000       0x18 src/ASF/common/services/calendar/calendar.o
 .debug_info    0x00000000      0x777 src/ASF/common/services/calendar/calendar.o
 .debug_abbrev  0x00000000      0x2ae src/ASF/common/services/calendar/calendar.o
 .debug_loc     0x00000000      0xb42 src/ASF/common/services/calendar/calendar.o
 .debug_aranges
                0x00000000       0x58 src/ASF/common/services/calendar/calendar.o
 .debug_ranges  0x00000000       0x78 src/ASF/common/services/calendar/calendar.o
 .debug_macro   0x00000000      0x178 src/ASF/common/services/calendar/calendar.o
 .debug_macro   0x00000000      0xa3c src/ASF/common/services/calendar/calendar.o
 .debug_macro   0x00000000       0x10 src/ASF/common/services/calendar/calendar.o
 .debug_macro   0x00000000      0x1ad src/ASF/common/services/calendar/calendar.o
 .debug_macro   0x00000000      0x293 src/ASF/common/services/calendar/calendar.o
 .debug_macro   0x00000000       0x9e src/ASF/common/services/calendar/calendar.o
 .debug_macro   0x00000000     0x13ae src/ASF/common/services/calendar/calendar.o
 .debug_macro   0x00000000      0x13a src/ASF/common/services/calendar/calendar.o
 .debug_macro   0x00000000       0xbd src/ASF/common/services/calendar/calendar.o
 .debug_macro   0x00000000       0x34 src/ASF/common/services/calendar/calendar.o
 .debug_macro   0x00000000       0x18 src/ASF/common/services/calendar/calendar.o
 .debug_macro   0x00000000       0x6c src/ASF/common/services/calendar/calendar.o
 .debug_macro   0x00000000       0x22 src/ASF/common/services/calendar/calendar.o
 .debug_macro   0x00000000      0x166 src/ASF/common/services/calendar/calendar.o
 .debug_macro   0x00000000       0x1c src/ASF/common/services/calendar/calendar.o
 .debug_macro   0x00000000       0x35 src/ASF/common/services/calendar/calendar.o
 .debug_macro   0x00000000       0x66 src/ASF/common/services/calendar/calendar.o
 .debug_macro   0x00000000      0x517 src/ASF/common/services/calendar/calendar.o
 .debug_macro   0x00000000       0x2f src/ASF/common/services/calendar/calendar.o
 .debug_macro   0x00000000       0x58 src/ASF/common/services/calendar/calendar.o
 .debug_macro   0x00000000       0x10 src/ASF/common/services/calendar/calendar.o
 .debug_macro   0x00000000       0xeb src/ASF/common/services/calendar/calendar.o
 .debug_macro   0x00000000       0x5f src/ASF/common/services/calendar/calendar.o
 .debug_macro   0x00000000       0x12 src/ASF/common/services/calendar/calendar.o
 .debug_macro   0x00000000       0x69 src/ASF/common/services/calendar/calendar.o
 .debug_macro   0x00000000       0x2c src/ASF/common/services/calendar/calendar.o
 .debug_macro   0x00000000       0x10 src/ASF/common/services/calendar/calendar.o
 .debug_macro   0x00000000       0xe2 src/ASF/common/services/calendar/calendar.o
 .debug_macro   0x00000000       0x40 src/ASF/common/services/calendar/calendar.o
 .debug_macro   0x00000000      0x100 src/ASF/common/services/calendar/calendar.o
 .debug_line    0x00000000      0x78e src/ASF/common/services/calendar/calendar.o
 .debug_str     0x00000000     0xe6ff src/ASF/common/services/calendar/calendar.o
 .comment       0x00000000       0x31 src/ASF/common/services/calendar/calendar.o
 .debug_frame   0x00000000      0x234 src/ASF/common/services/calendar/calendar.o
 .group         0x00000000        0x8 src/ASF/common/services/clock/mega/sysclk.o
 .group         0x00000000        0x8 src/ASF/common/services/clock/mega/sysclk.o
 .group         0x00000000        0x8 src/ASF/common/services/clock/mega/sysclk.o
 .group         0x00000000        0x8 src/ASF/common/services/clock/mega/sysclk.o
 .group         0x00000000        0x8 src/ASF/common/services/clock/mega/sysclk.o
 .group         0x00000000        0x8 src/ASF/common/services/clock/mega/sysclk.o
 .group         0x00000000        0x8 src/ASF/common/services/clock/mega/sysclk.o
 .group         0x00000000        0x8 src/ASF/common/services/clock/mega/sysclk.o
 .group         0x00000000        0x8 src/ASF/common/services/clock/mega/sysclk.o
 .group         0x00000000        0x8 src/ASF/common/services/clock/mega/sysclk.o
 .group         0x00000000        0x8 src/ASF/common/services/clock/mega/sysclk.o
 .group         0x00000000        0x8 src/ASF/common/services/clock/mega/sysclk.o
 .group         0x00000000        0x8 src/ASF/common/services/clock/mega/sysclk.o
 .group         0x00000000        0x8 src/ASF/common/services/clock/mega/sysclk.o
 .group         0x00000000        0x8 src/ASF/common/services/clock/mega/sysclk.o
 .group         0x00000000        0x8 src/ASF/common/services/clock/mega/sysclk.o
 .group         0x00000000        0x8 src/ASF/common/services/clock/mega/sysclk.o
 .group         0x00000000        0x8 src/ASF/common/services/clock/mega/sysclk.o
 .group         0x00000000        0x8 src/ASF/common/services/clock/mega/sysclk.o
 .group         0x00000000        0x8 src/ASF/common/services/clock/mega/sysclk.o
 .group         0x00000000        0x8 src/ASF/common/services/clock/mega/sysclk.o
 .group         0x00000000        0x8 src/ASF/common/services/clock/mega/sysclk.o
 .group         0x00000000        0x8 src/ASF/common/services/clock/mega/sysclk.o
 .group         0x00000000        0x8 src/ASF/common/services/clock/mega/sysclk.o
 .group         0x00000000        0x8 src/ASF/common/services/clock/mega/sysclk.o
 .group         0x00000000        0x8 src/ASF/common/services/clock/mega/sysclk.o
 .group         0x00000000        0x8 src/ASF/common/services/clock/mega/sysclk.o
 .group         0x00000000        0x8 src/ASF/common/services/clock/mega/sysclk.o
 .group         0x00000000        0x8 src/ASF/common/services/clock/mega/sysclk.o
 .group         0x00000000        0x8 src/ASF/common/services/clock/mega/sysclk.o
 .group         0x00000000        0x8 src/ASF/common/services/clock/mega/sysclk.o
 .group         0x00000000        0x8 src/ASF/common/services/clock/mega/sysclk.o
 .text          0x00000000        0x0 src/ASF/common/services/clock/mega/sysclk.o
 .data          0x00000000        0x0 src/ASF/common/services/clock/mega/sysclk.o
 .bss           0x00000000        0x0 src/ASF/common/services/clock/mega/sysclk.o
 .text.sysclk_init
                0x00000000       0x26 src/ASF/common/services/clock/mega/sysclk.o
 .text.sysclk_enable_module
                0x00000000       0x18 src/ASF/common/services/clock/mega/sysclk.o
 .text.sysclk_disable_module
                0x00000000       0x16 src/ASF/common/services/clock/mega/sysclk.o
 .debug_info    0x00000000      0x344 src/ASF/common/services/clock/mega/sysclk.o
 .debug_abbrev  0x00000000      0x1f4 src/ASF/common/services/clock/mega/sysclk.o
 .debug_loc     0x00000000       0xec src/ASF/common/services/clock/mega/sysclk.o
 .debug_aranges
                0x00000000       0x30 src/ASF/common/services/clock/mega/sysclk.o
 .debug_ranges  0x00000000       0x20 src/ASF/common/services/clock/mega/sysclk.o
 .debug_macro   0x00000000      0x196 src/ASF/common/services/clock/mega/sysclk.o
 .debug_macro   0x00000000      0xa3c src/ASF/common/services/clock/mega/sysclk.o
 .debug_macro   0x00000000       0x10 src/ASF/common/services/clock/mega/sysclk.o
 .debug_macro   0x00000000      0x1ad src/ASF/common/services/clock/mega/sysclk.o
 .debug_macro   0x00000000      0x293 src/ASF/common/services/clock/mega/sysclk.o
 .debug_macro   0x00000000       0x9e src/ASF/common/services/clock/mega/sysclk.o
 .debug_macro   0x00000000     0x13ae src/ASF/common/services/clock/mega/sysclk.o
 .debug_macro   0x00000000      0x13a src/ASF/common/services/clock/mega/sysclk.o
 .debug_macro   0x00000000       0xbd src/ASF/common/services/clock/mega/sysclk.o
 .debug_macro   0x00000000       0x34 src/ASF/common/services/clock/mega/sysclk.o
 .debug_macro   0x00000000       0x18 src/ASF/common/services/clock/mega/sysclk.o
 .debug_macro   0x00000000       0x6c src/ASF/common/services/clock/mega/sysclk.o
 .debug_macro   0x00000000       0x22 src/ASF/common/services/clock/mega/sysclk.o
 .debug_macro   0x00000000      0x166 src/ASF/common/services/clock/mega/sysclk.o
 .debug_macro   0x00000000       0x1c src/ASF/common/services/clock/mega/sysclk.o
 .debug_macro   0x00000000       0x35 src/ASF/common/services/clock/mega/sysclk.o
 .debug_macro   0x00000000       0x66 src/ASF/common/services/clock/mega/sysclk.o
 .debug_macro   0x00000000      0x517 src/ASF/common/services/clock/mega/sysclk.o
 .debug_macro   0x00000000       0x2f src/ASF/common/services/clock/mega/sysclk.o
 .debug_macro   0x00000000       0x58 src/ASF/common/services/clock/mega/sysclk.o
 .debug_macro   0x00000000       0x10 src/ASF/common/services/clock/mega/sysclk.o
 .debug_macro   0x00000000       0xeb src/ASF/common/services/clock/mega/sysclk.o
 .debug_macro   0x00000000       0x5f src/ASF/common/services/clock/mega/sysclk.o
 .debug_macro   0x00000000       0x12 src/ASF/common/services/clock/mega/sysclk.o
 .debug_macro   0x00000000       0x69 src/ASF/common/services/clock/mega/sysclk.o
 .debug_macro   0x00000000       0x2c src/ASF/common/services/clock/mega/sysclk.o
 .debug_macro   0x00000000       0x10 src/ASF/common/services/clock/mega/sysclk.o
 .debug_macro   0x00000000       0xe2 src/ASF/common/services/clock/mega/sysclk.o
 .debug_macro   0x00000000       0x40 src/ASF/common/services/clock/mega/sysclk.o
 .debug_macro   0x00000000      0x100 src/ASF/common/services/clock/mega/sysclk.o
 .debug_macro   0x00000000       0x3a src/ASF/common/services/clock/mega/sysclk.o
 .debug_macro   0x00000000      0x25d src/ASF/common/services/clock/mega/sysclk.o
 .debug_macro   0x00000000       0x79 src/ASF/common/services/clock/mega/sysclk.o
 .debug_line    0x00000000      0x4ad src/ASF/common/services/clock/mega/sysclk.o
 .debug_str     0x00000000     0xee24 src/ASF/common/services/clock/mega/sysclk.o
 .comment       0x00000000       0x31 src/ASF/common/services/clock/mega/sysclk.o
 .debug_frame   0x00000000       0x44 src/ASF/common/services/clock/mega/sysclk.o
 .group         0x00000000        0x8 src/ASF/common/utils/stdio/read.o
 .group         0x00000000        0x8 src/ASF/common/utils/stdio/read.o
 .group         0x00000000        0x8 src/ASF/common/utils/stdio/read.o
 .group         0x00000000        0x8 src/ASF/common/utils/stdio/read.o
 .group         0x00000000        0x8 src/ASF/common/utils/stdio/read.o
 .group         0x00000000        0x8 src/ASF/common/utils/stdio/read.o
 .group         0x00000000        0x8 src/ASF/common/utils/stdio/read.o
 .group         0x00000000        0x8 src/ASF/common/utils/stdio/read.o
 .group         0x00000000        0x8 src/ASF/common/utils/stdio/read.o
 .group         0x00000000        0x8 src/ASF/common/utils/stdio/read.o
 .group         0x00000000        0x8 src/ASF/common/utils/stdio/read.o
 .group         0x00000000        0x8 src/ASF/common/utils/stdio/read.o
 .group         0x00000000        0x8 src/ASF/common/utils/stdio/read.o
 .group         0x00000000        0x8 src/ASF/common/utils/stdio/read.o
 .group         0x00000000        0x8 src/ASF/common/utils/stdio/read.o
 .group         0x00000000        0x8 src/ASF/common/utils/stdio/read.o
 .group         0x00000000        0x8 src/ASF/common/utils/stdio/read.o
 .group         0x00000000        0x8 src/ASF/common/utils/stdio/read.o
 .group         0x00000000        0x8 src/ASF/common/utils/stdio/read.o
 .group         0x00000000        0x8 src/ASF/common/utils/stdio/read.o
 .group         0x00000000        0x8 src/ASF/common/utils/stdio/read.o
 .group         0x00000000        0x8 src/ASF/common/utils/stdio/read.o
 .group         0x00000000        0x8 src/ASF/common/utils/stdio/read.o
 .group         0x00000000        0x8 src/ASF/common/utils/stdio/read.o
 .group         0x00000000        0x8 src/ASF/common/utils/stdio/read.o
 .group         0x00000000        0x8 src/ASF/common/utils/stdio/read.o
 .group         0x00000000        0x8 src/ASF/common/utils/stdio/read.o
 .group         0x00000000        0x8 src/ASF/common/utils/stdio/read.o
 .group         0x00000000        0x8 src/ASF/common/utils/stdio/read.o
 .text          0x00000000        0x0 src/ASF/common/utils/stdio/read.o
 .data          0x00000000        0x0 src/ASF/common/utils/stdio/read.o
 .bss           0x00000000        0x0 src/ASF/common/utils/stdio/read.o
 .text._read    0x00000000       0x32 src/ASF/common/utils/stdio/read.o
 .debug_info    0x00000000      0x195 src/ASF/common/utils/stdio/read.o
 .debug_abbrev  0x00000000      0x111 src/ASF/common/utils/stdio/read.o
 .debug_loc     0x00000000       0x6e src/ASF/common/utils/stdio/read.o
 .debug_aranges
                0x00000000       0x20 src/ASF/common/utils/stdio/read.o
 .debug_ranges  0x00000000       0x10 src/ASF/common/utils/stdio/read.o
 .debug_macro   0x00000000      0x156 src/ASF/common/utils/stdio/read.o
 .debug_macro   0x00000000      0xa3c src/ASF/common/utils/stdio/read.o
 .debug_macro   0x00000000       0x10 src/ASF/common/utils/stdio/read.o
 .debug_macro   0x00000000      0x1ad src/ASF/common/utils/stdio/read.o
 .debug_macro   0x00000000      0x293 src/ASF/common/utils/stdio/read.o
 .debug_macro   0x00000000       0x9e src/ASF/common/utils/stdio/read.o
 .debug_macro   0x00000000     0x13ae src/ASF/common/utils/stdio/read.o
 .debug_macro   0x00000000      0x13a src/ASF/common/utils/stdio/read.o
 .debug_macro   0x00000000       0xbd src/ASF/common/utils/stdio/read.o
 .debug_macro   0x00000000       0x34 src/ASF/common/utils/stdio/read.o
 .debug_macro   0x00000000       0x18 src/ASF/common/utils/stdio/read.o
 .debug_macro   0x00000000       0x6c src/ASF/common/utils/stdio/read.o
 .debug_macro   0x00000000       0x22 src/ASF/common/utils/stdio/read.o
 .debug_macro   0x00000000      0x166 src/ASF/common/utils/stdio/read.o
 .debug_macro   0x00000000       0x1c src/ASF/common/utils/stdio/read.o
 .debug_macro   0x00000000       0x35 src/ASF/common/utils/stdio/read.o
 .debug_macro   0x00000000       0x66 src/ASF/common/utils/stdio/read.o
 .debug_macro   0x00000000      0x517 src/ASF/common/utils/stdio/read.o
 .debug_macro   0x00000000       0x2f src/ASF/common/utils/stdio/read.o
 .debug_macro   0x00000000       0x58 src/ASF/common/utils/stdio/read.o
 .debug_macro   0x00000000       0x10 src/ASF/common/utils/stdio/read.o
 .debug_macro   0x00000000       0xeb src/ASF/common/utils/stdio/read.o
 .debug_macro   0x00000000       0x5f src/ASF/common/utils/stdio/read.o
 .debug_macro   0x00000000       0x12 src/ASF/common/utils/stdio/read.o
 .debug_macro   0x00000000       0x69 src/ASF/common/utils/stdio/read.o
 .debug_macro   0x00000000       0x2c src/ASF/common/utils/stdio/read.o
 .debug_macro   0x00000000       0x10 src/ASF/common/utils/stdio/read.o
 .debug_macro   0x00000000       0xe2 src/ASF/common/utils/stdio/read.o
 .debug_macro   0x00000000       0x40 src/ASF/common/utils/stdio/read.o
 .debug_macro   0x00000000      0x100 src/ASF/common/utils/stdio/read.o
 .debug_line    0x00000000      0x349 src/ASF/common/utils/stdio/read.o
 .debug_str     0x00000000     0xe41a src/ASF/common/utils/stdio/read.o
 .comment       0x00000000       0x31 src/ASF/common/utils/stdio/read.o
 .debug_frame   0x00000000       0x34 src/ASF/common/utils/stdio/read.o
 COMMON         0x00000000        0x2 src/ASF/common/utils/stdio/read.o
 .group         0x00000000        0x8 src/ASF/common/utils/stdio/write.o
 .group         0x00000000        0x8 src/ASF/common/utils/stdio/write.o
 .group         0x00000000        0x8 src/ASF/common/utils/stdio/write.o
 .group         0x00000000        0x8 src/ASF/common/utils/stdio/write.o
 .group         0x00000000        0x8 src/ASF/common/utils/stdio/write.o
 .group         0x00000000        0x8 src/ASF/common/utils/stdio/write.o
 .group         0x00000000        0x8 src/ASF/common/utils/stdio/write.o
 .group         0x00000000        0x8 src/ASF/common/utils/stdio/write.o
 .group         0x00000000        0x8 src/ASF/common/utils/stdio/write.o
 .group         0x00000000        0x8 src/ASF/common/utils/stdio/write.o
 .group         0x00000000        0x8 src/ASF/common/utils/stdio/write.o
 .group         0x00000000        0x8 src/ASF/common/utils/stdio/write.o
 .group         0x00000000        0x8 src/ASF/common/utils/stdio/write.o
 .group         0x00000000        0x8 src/ASF/common/utils/stdio/write.o
 .group         0x00000000        0x8 src/ASF/common/utils/stdio/write.o
 .group         0x00000000        0x8 src/ASF/common/utils/stdio/write.o
 .group         0x00000000        0x8 src/ASF/common/utils/stdio/write.o
 .group         0x00000000        0x8 src/ASF/common/utils/stdio/write.o
 .group         0x00000000        0x8 src/ASF/common/utils/stdio/write.o
 .group         0x00000000        0x8 src/ASF/common/utils/stdio/write.o
 .group         0x00000000        0x8 src/ASF/common/utils/stdio/write.o
 .group         0x00000000        0x8 src/ASF/common/utils/stdio/write.o
 .group         0x00000000        0x8 src/ASF/common/utils/stdio/write.o
 .group         0x00000000        0x8 src/ASF/common/utils/stdio/write.o
 .group         0x00000000        0x8 src/ASF/common/utils/stdio/write.o
 .group         0x00000000        0x8 src/ASF/common/utils/stdio/write.o
 .group         0x00000000        0x8 src/ASF/common/utils/stdio/write.o
 .group         0x00000000        0x8 src/ASF/common/utils/stdio/write.o
 .group         0x00000000        0x8 src/ASF/common/utils/stdio/write.o
 .text          0x00000000        0x0 src/ASF/common/utils/stdio/write.o
 .data          0x00000000        0x0 src/ASF/common/utils/stdio/write.o
 .bss           0x00000000        0x0 src/ASF/common/utils/stdio/write.o
 .text._write   0x00000000       0x24 src/ASF/common/utils/stdio/write.o
 .debug_info    0x00000000      0x195 src/ASF/common/utils/stdio/write.o
 .debug_abbrev  0x00000000       0xfc src/ASF/common/utils/stdio/write.o
 .debug_loc     0x00000000       0x52 src/ASF/common/utils/stdio/write.o
 .debug_aranges
                0x00000000       0x20 src/ASF/common/utils/stdio/write.o
 .debug_ranges  0x00000000       0x10 src/ASF/common/utils/stdio/write.o
 .debug_macro   0x00000000      0x156 src/ASF/common/utils/stdio/write.o
 .debug_macro   0x00000000      0xa3c src/ASF/common/utils/stdio/write.o
 .debug_macro   0x00000000       0x10 src/ASF/common/utils/stdio/write.o
 .debug_macro   0x00000000      0x1ad src/ASF/common/utils/stdio/write.o
 .debug_macro   0x00000000      0x293 src/ASF/common/utils/stdio/write.o
 .debug_macro   0x00000000       0x9e src/ASF/common/utils/stdio/write.o
 .debug_macro   0x00000000     0x13ae src/ASF/common/utils/stdio/write.o
 .debug_macro   0x00000000      0x13a src/ASF/common/utils/stdio/write.o
 .debug_macro   0x00000000       0xbd src/ASF/common/utils/stdio/write.o
 .debug_macro   0x00000000       0x34 src/ASF/common/utils/stdio/write.o
 .debug_macro   0x00000000       0x18 src/ASF/common/utils/stdio/write.o
 .debug_macro   0x00000000       0x6c src/ASF/common/utils/stdio/write.o
 .debug_macro   0x00000000       0x22 src/ASF/common/utils/stdio/write.o
 .debug_macro   0x00000000      0x166 src/ASF/common/utils/stdio/write.o
 .debug_macro   0x00000000       0x1c src/ASF/common/utils/stdio/write.o
 .debug_macro   0x00000000       0x35 src/ASF/common/utils/stdio/write.o
 .debug_macro   0x00000000       0x66 src/ASF/common/utils/stdio/write.o
 .debug_macro   0x00000000      0x517 src/ASF/common/utils/stdio/write.o
 .debug_macro   0x00000000       0x2f src/ASF/common/utils/stdio/write.o
 .debug_macro   0x00000000       0x58 src/ASF/common/utils/stdio/write.o
 .debug_macro   0x00000000       0x10 src/ASF/common/utils/stdio/write.o
 .debug_macro   0x00000000       0xeb src/ASF/common/utils/stdio/write.o
 .debug_macro   0x00000000       0x5f src/ASF/common/utils/stdio/write.o
 .debug_macro   0x00000000       0x12 src/ASF/common/utils/stdio/write.o
 .debug_macro   0x00000000       0x69 src/ASF/common/utils/stdio/write.o
 .debug_macro   0x00000000       0x2c src/ASF/common/utils/stdio/write.o
 .debug_macro   0x00000000       0x10 src/ASF/common/utils/stdio/write.o
 .debug_macro   0x00000000       0xe2 src/ASF/common/utils/stdio/write.o
 .debug_macro   0x00000000       0x40 src/ASF/common/utils/stdio/write.o
 .debug_macro   0x00000000      0x100 src/ASF/common/utils/stdio/write.o
 .debug_line    0x00000000      0x350 src/ASF/common/utils/stdio/write.o
 .debug_str     0x00000000     0xe41c src/ASF/common/utils/stdio/write.o
 .comment       0x00000000       0x31 src/ASF/common/utils/stdio/write.o
 .debug_frame   0x00000000       0x24 src/ASF/common/utils/stdio/write.o
 COMMON         0x00000000        0x4 src/ASF/common/utils/stdio/write.o
 .group         0x00000000        0x8 src/ASF/common/utils/unit_test/suite.o
 .group         0x00000000        0x8 src/ASF/common/utils/unit_test/suite.o
 .group         0x00000000        0x8 src/ASF/common/utils/unit_test/suite.o
 .group         0x00000000        0x8 src/ASF/common/utils/unit_test/suite.o
 .group         0x00000000        0x8 src/ASF/common/utils/unit_test/suite.o
 .group         0x00000000        0x8 src/ASF/common/utils/unit_test/suite.o
 .group         0x00000000        0x8 src/ASF/common/utils/unit_test/suite.o
 .group         0x00000000        0x8 src/ASF/common/utils/unit_test/suite.o
 .group         0x00000000        0x8 src/ASF/common/utils/unit_test/suite.o
 .group         0x00000000        0x8 src/ASF/common/utils/unit_test/suite.o
 .group         0x00000000        0x8 src/ASF/common/utils/unit_test/suite.o
 .group         0x00000000        0x8 src/ASF/common/utils/unit_test/suite.o
 .group         0x00000000        0x8 src/ASF/common/utils/unit_test/suite.o
 .group         0x00000000        0x8 src/ASF/common/utils/unit_test/suite.o
 .group         0x00000000        0x8 src/ASF/common/utils/unit_test/suite.o
 .group         0x00000000        0x8 src/ASF/common/utils/unit_test/suite.o
 .group         0x00000000        0x8 src/ASF/common/utils/unit_test/suite.o
 .group         0x00000000        0x8 src/ASF/common/utils/unit_test/suite.o
 .group         0x00000000        0x8 src/ASF/common/utils/unit_test/suite.o
 .group         0x00000000        0x8 src/ASF/common/utils/unit_test/suite.o
 .group         0x00000000        0x8 src/ASF/common/utils/unit_test/suite.o
 .group         0x00000000        0x8 src/ASF/common/utils/unit_test/suite.o
 .group         0x00000000        0x8 src/ASF/common/utils/unit_test/suite.o
 .group         0x00000000        0x8 src/ASF/common/utils/unit_test/suite.o
 .group         0x00000000        0x8 src/ASF/common/utils/unit_test/suite.o
 .group         0x00000000        0x8 src/ASF/common/utils/unit_test/suite.o
 .group         0x00000000        0x8 src/ASF/common/utils/unit_test/suite.o
 .group         0x00000000        0x8 src/ASF/common/utils/unit_test/suite.o
 .group         0x00000000        0x8 src/ASF/common/utils/unit_test/suite.o
 .group         0x00000000        0x8 src/ASF/common/utils/unit_test/suite.o
 .text          0x00000000        0x0 src/ASF/common/utils/unit_test/suite.o
 .data          0x00000000        0x0 src/ASF/common/utils/unit_test/suite.o
 .bss           0x00000000        0x0 src/ASF/common/utils/unit_test/suite.o
 .text.test_call
                0x00000000       0x54 src/ASF/common/utils/unit_test/suite.o
 .rodata.str1.1
                0x00000000       0xec src/ASF/common/utils/unit_test/suite.o
 .text.test_case_fail
                0x00000000       0x70 src/ASF/common/utils/unit_test/suite.o
 .text.test_suite_run
                0x00000000      0x230 src/ASF/common/utils/unit_test/suite.o
 .bss.test_case_ptr
                0x00000000        0x2 src/ASF/common/utils/unit_test/suite.o
 .bss.test_failure_jmpbuf
                0x00000000       0x17 src/ASF/common/utils/unit_test/suite.o
 .debug_info    0x00000000      0x6c5 src/ASF/common/utils/unit_test/suite.o
 .debug_abbrev  0x00000000      0x317 src/ASF/common/utils/unit_test/suite.o
 .debug_loc     0x00000000      0x51a src/ASF/common/utils/unit_test/suite.o
 .debug_aranges
                0x00000000       0x30 src/ASF/common/utils/unit_test/suite.o
 .debug_ranges  0x00000000       0x68 src/ASF/common/utils/unit_test/suite.o
 .debug_macro   0x00000000      0x163 src/ASF/common/utils/unit_test/suite.o
 .debug_macro   0x00000000      0xa3c src/ASF/common/utils/unit_test/suite.o
 .debug_macro   0x00000000       0x10 src/ASF/common/utils/unit_test/suite.o
 .debug_macro   0x00000000      0x1ad src/ASF/common/utils/unit_test/suite.o
 .debug_macro   0x00000000      0x293 src/ASF/common/utils/unit_test/suite.o
 .debug_macro   0x00000000       0x9e src/ASF/common/utils/unit_test/suite.o
 .debug_macro   0x00000000     0x13ae src/ASF/common/utils/unit_test/suite.o
 .debug_macro   0x00000000      0x13a src/ASF/common/utils/unit_test/suite.o
 .debug_macro   0x00000000       0xbd src/ASF/common/utils/unit_test/suite.o
 .debug_macro   0x00000000       0x34 src/ASF/common/utils/unit_test/suite.o
 .debug_macro   0x00000000       0x18 src/ASF/common/utils/unit_test/suite.o
 .debug_macro   0x00000000       0x6c src/ASF/common/utils/unit_test/suite.o
 .debug_macro   0x00000000       0x22 src/ASF/common/utils/unit_test/suite.o
 .debug_macro   0x00000000      0x166 src/ASF/common/utils/unit_test/suite.o
 .debug_macro   0x00000000       0x1c src/ASF/common/utils/unit_test/suite.o
 .debug_macro   0x00000000       0x35 src/ASF/common/utils/unit_test/suite.o
 .debug_macro   0x00000000       0x66 src/ASF/common/utils/unit_test/suite.o
 .debug_macro   0x00000000      0x517 src/ASF/common/utils/unit_test/suite.o
 .debug_macro   0x00000000       0x2f src/ASF/common/utils/unit_test/suite.o
 .debug_macro   0x00000000       0x58 src/ASF/common/utils/unit_test/suite.o
 .debug_macro   0x00000000       0x10 src/ASF/common/utils/unit_test/suite.o
 .debug_macro   0x00000000       0xeb src/ASF/common/utils/unit_test/suite.o
 .debug_macro   0x00000000       0x5f src/ASF/common/utils/unit_test/suite.o
 .debug_macro   0x00000000       0x12 src/ASF/common/utils/unit_test/suite.o
 .debug_macro   0x00000000       0x69 src/ASF/common/utils/unit_test/suite.o
 .debug_macro   0x00000000       0x2c src/ASF/common/utils/unit_test/suite.o
 .debug_macro   0x00000000       0x10 src/ASF/common/utils/unit_test/suite.o
 .debug_macro   0x00000000       0xe2 src/ASF/common/utils/unit_test/suite.o
 .debug_macro   0x00000000       0x40 src/ASF/common/utils/unit_test/suite.o
 .debug_macro   0x00000000      0x100 src/ASF/common/utils/unit_test/suite.o
 .debug_macro   0x00000000       0x10 src/ASF/common/utils/unit_test/suite.o
 .debug_line    0x00000000      0x477 src/ASF/common/utils/unit_test/suite.o
 .debug_str     0x00000000     0xe5a0 src/ASF/common/utils/unit_test/suite.o
 .comment       0x00000000       0x31 src/ASF/common/utils/unit_test/suite.o
 .debug_frame   0x00000000      0x15c src/ASF/common/utils/unit_test/suite.o
 COMMON         0x00000000        0x2 src/ASF/common/utils/unit_test/suite.o
 .group         0x00000000        0x8 src/main.o
 .group         0x00000000        0x8 src/main.o
 .group         0x00000000        0x8 src/main.o
 .group         0x00000000        0x8 src/main.o
 .group         0x00000000        0x8 src/main.o
 .group         0x00000000        0x8 src/main.o
 .group         0x00000000        0x8 src/main.o
 .group         0x00000000        0x8 src/main.o
 .group         0x00000000        0x8 src/main.o
 .group         0x00000000        0x8 src/main.o
 .group         0x00000000        0x8 src/main.o
 .group         0x00000000        0x8 src/main.o
 .group         0x00000000        0x8 src/main.o
 .group         0x00000000        0x8 src/main.o
 .group         0x00000000        0x8 src/main.o
 .group         0x00000000        0x8 src/main.o
 .group         0x00000000        0x8 src/main.o
 .group         0x00000000        0x8 src/main.o
 .group         0x00000000        0x8 src/main.o
 .group         0x00000000        0x8 src/main.o
 .group         0x00000000        0x8 src/main.o
 .group         0x00000000        0x8 src/main.o
 .group         0x00000000        0x8 src/main.o
 .group         0x00000000        0x8 src/main.o
 .group         0x00000000        0x8 src/main.o
 .group         0x00000000        0x8 src/main.o
 .group         0x00000000        0x8 src/main.o
 .group         0x00000000        0x8 src/main.o
 .group         0x00000000        0x8 src/main.o
 .group         0x00000000        0x8 src/main.o
 .group         0x00000000        0x8 src/main.o
 .group         0x00000000        0x8 src/main.o
 .group         0x00000000        0x8 src/main.o
 .group         0x00000000        0x8 src/main.o
 .group         0x00000000        0x8 src/main.o
 .group         0x00000000        0x8 src/main.o
 .group         0x00000000        0x8 src/main.o
 .group         0x00000000        0x8 src/main.o
 .group         0x00000000        0x8 src/main.o
 .text          0x00000000        0x0 src/main.o
 .data          0x00000000        0x0 src/main.o
 .bss           0x00000000        0x0 src/main.o
 .debug_macro   0x00000000      0xa3c src/main.o
 .debug_macro   0x00000000       0x10 src/main.o
 .debug_macro   0x00000000      0x1ad src/main.o
 .debug_macro   0x00000000      0x293 src/main.o
 .debug_macro   0x00000000       0x9e src/main.o
 .debug_macro   0x00000000     0x13ae src/main.o
 .debug_macro   0x00000000      0x13a src/main.o
 .debug_macro   0x00000000       0xbd src/main.o
 .debug_macro   0x00000000       0x34 src/main.o
 .debug_macro   0x00000000       0x18 src/main.o
 .debug_macro   0x00000000       0x6c src/main.o
 .debug_macro   0x00000000       0x22 src/main.o
 .debug_macro   0x00000000      0x166 src/main.o
 .debug_macro   0x00000000       0x1c src/main.o
 .debug_macro   0x00000000       0x35 src/main.o
 .debug_macro   0x00000000       0x66 src/main.o
 .debug_macro   0x00000000      0x517 src/main.o
 .debug_macro   0x00000000       0x2f src/main.o
 .debug_macro   0x00000000       0x58 src/main.o
 .debug_macro   0x00000000       0x10 src/main.o
 .debug_macro   0x00000000       0xeb src/main.o
 .debug_macro   0x00000000       0x5f src/main.o
 .debug_macro   0x00000000       0x12 src/main.o
 .debug_macro   0x00000000       0x69 src/main.o
 .debug_macro   0x00000000       0x2c src/main.o
 .debug_macro   0x00000000       0x10 src/main.o
 .debug_macro   0x00000000       0xe2 src/main.o
 .debug_macro   0x00000000       0x40 src/main.o
 .debug_macro   0x00000000      0x100 src/main.o
 .debug_macro   0x00000000       0x1c src/main.o
 .debug_macro   0x00000000       0x10 src/main.o
 .debug_macro   0x00000000       0x22 src/main.o
 .debug_macro   0x00000000       0x3a src/main.o
 .debug_macro   0x00000000      0x25d src/main.o
 .debug_macro   0x00000000       0x79 src/main.o
 .debug_macro   0x00000000       0x28 src/main.o
 .debug_macro   0x00000000       0x23 src/main.o
 .debug_macro   0x00000000       0x56 src/main.o
 .debug_macro   0x00000000       0x40 src/main.o
 .text          0x00000000        0x0 c:/program files (x86)/atmel/atmel toolchain/avr8 gcc/native/3.4.1061/avr8-gnu-toolchain/bin/../lib/gcc/avr/4.8.1/avr5\libgcc.a(_udivmodsi4.o)
 .data          0x00000000        0x0 c:/program files (x86)/atmel/atmel toolchain/avr8 gcc/native/3.4.1061/avr8-gnu-toolchain/bin/../lib/gcc/avr/4.8.1/avr5\libgcc.a(_udivmodsi4.o)
 .bss           0x00000000        0x0 c:/program files (x86)/atmel/atmel toolchain/avr8 gcc/native/3.4.1061/avr8-gnu-toolchain/bin/../lib/gcc/avr/4.8.1/avr5\libgcc.a(_udivmodsi4.o)
 .text.libgcc.mul
                0x00000000        0x0 c:/program files (x86)/atmel/atmel toolchain/avr8 gcc/native/3.4.1061/avr8-gnu-toolchain/bin/../lib/gcc/avr/4.8.1/avr5\libgcc.a(_udivmodsi4.o)
 .text.libgcc.div
                0x00000000       0x44 c:/program files (x86)/atmel/atmel toolchain/avr8 gcc/native/3.4.1061/avr8-gnu-toolchain/bin/../lib/gcc/avr/4.8.1/avr5\libgcc.a(_udivmodsi4.o)
 .text.libgcc   0x00000000        0x0 c:/program files (x86)/atmel/atmel toolchain/avr8 gcc/native/3.4.1061/avr8-gnu-toolchain/bin/../lib/gcc/avr/4.8.1/avr5\libgcc.a(_udivmodsi4.o)
 .text.libgcc.prologue
                0x00000000        0x0 c:/program files (x86)/atmel/atmel toolchain/avr8 gcc/native/3.4.1061/avr8-gnu-toolchain/bin/../lib/gcc/avr/4.8.1/avr5\libgcc.a(_udivmodsi4.o)
 .text.libgcc.builtins
                0x00000000        0x0 c:/program files (x86)/atmel/atmel toolchain/avr8 gcc/native/3.4.1061/avr8-gnu-toolchain/bin/../lib/gcc/avr/4.8.1/avr5\libgcc.a(_udivmodsi4.o)
 .text.libgcc.fmul
                0x00000000        0x0 c:/program files (x86)/atmel/atmel toolchain/avr8 gcc/native/3.4.1061/avr8-gnu-toolchain/bin/../lib/gcc/avr/4.8.1/avr5\libgcc.a(_udivmodsi4.o)
 .text.libgcc.fixed
                0x00000000        0x0 c:/program files (x86)/atmel/atmel toolchain/avr8 gcc/native/3.4.1061/avr8-gnu-toolchain/bin/../lib/gcc/avr/4.8.1/avr5\libgcc.a(_udivmodsi4.o)
 .text          0x00000000        0x0 c:/program files (x86)/atmel/atmel toolchain/avr8 gcc/native/3.4.1061/avr8-gnu-toolchain/bin/../lib/gcc/avr/4.8.1/avr5\libgcc.a(_exit.o)
 .data          0x00000000        0x0 c:/program files (x86)/atmel/atmel toolchain/avr8 gcc/native/3.4.1061/avr8-gnu-toolchain/bin/../lib/gcc/avr/4.8.1/avr5\libgcc.a(_exit.o)
 .bss           0x00000000        0x0 c:/program files (x86)/atmel/atmel toolchain/avr8 gcc/native/3.4.1061/avr8-gnu-toolchain/bin/../lib/gcc/avr/4.8.1/avr5\libgcc.a(_exit.o)
 .text.libgcc.mul
                0x00000000        0x0 c:/program files (x86)/atmel/atmel toolchain/avr8 gcc/native/3.4.1061/avr8-gnu-toolchain/bin/../lib/gcc/avr/4.8.1/avr5\libgcc.a(_exit.o)
 .text.libgcc.div
                0x00000000        0x0 c:/program files (x86)/atmel/atmel toolchain/avr8 gcc/native/3.4.1061/avr8-gnu-toolchain/bin/../lib/gcc/avr/4.8.1/avr5\libgcc.a(_exit.o)
 .text.libgcc   0x00000000        0x0 c:/program files (x86)/atmel/atmel toolchain/avr8 gcc/native/3.4.1061/avr8-gnu-toolchain/bin/../lib/gcc/avr/4.8.1/avr5\libgcc.a(_exit.o)
 .text.libgcc.prologue
                0x00000000        0x0 c:/program files (x86)/atmel/atmel toolchain/avr8 gcc/native/3.4.1061/avr8-gnu-toolchain/bin/../lib/gcc/avr/4.8.1/avr5\libgcc.a(_exit.o)
 .text.libgcc.builtins
                0x00000000        0x0 c:/program files (x86)/atmel/atmel toolchain/avr8 gcc/native/3.4.1061/avr8-gnu-toolchain/bin/../lib/gcc/avr/4.8.1/avr5\libgcc.a(_exit.o)
 .text.libgcc.fmul
                0x00000000        0x0 c:/program files (x86)/atmel/atmel toolchain/avr8 gcc/native/3.4.1061/avr8-gnu-toolchain/bin/../lib/gcc/avr/4.8.1/avr5\libgcc.a(_exit.o)
 .text.libgcc.fixed
                0x00000000        0x0 c:/program files (x86)/atmel/atmel toolchain/avr8 gcc/native/3.4.1061/avr8-gnu-toolchain/bin/../lib/gcc/avr/4.8.1/avr5\libgcc.a(_exit.o)
 .text          0x00000000        0x0 c:/program files (x86)/atmel/atmel toolchain/avr8 gcc/native/3.4.1061/avr8-gnu-toolchain/bin/../lib/gcc/avr/4.8.1/avr5\libgcc.a(_copy_data.o)
 .data          0x00000000        0x0 c:/program files (x86)/atmel/atmel toolchain/avr8 gcc/native/3.4.1061/avr8-gnu-toolchain/bin/../lib/gcc/avr/4.8.1/avr5\libgcc.a(_copy_data.o)
 .bss           0x00000000        0x0 c:/program files (x86)/atmel/atmel toolchain/avr8 gcc/native/3.4.1061/avr8-gnu-toolchain/bin/../lib/gcc/avr/4.8.1/avr5\libgcc.a(_copy_data.o)
 .text.libgcc.mul
                0x00000000        0x0 c:/program files (x86)/atmel/atmel toolchain/avr8 gcc/native/3.4.1061/avr8-gnu-toolchain/bin/../lib/gcc/avr/4.8.1/avr5\libgcc.a(_copy_data.o)
 .text.libgcc.div
                0x00000000        0x0 c:/program files (x86)/atmel/atmel toolchain/avr8 gcc/native/3.4.1061/avr8-gnu-toolchain/bin/../lib/gcc/avr/4.8.1/avr5\libgcc.a(_copy_data.o)
 .text.libgcc   0x00000000        0x0 c:/program files (x86)/atmel/atmel toolchain/avr8 gcc/native/3.4.1061/avr8-gnu-toolchain/bin/../lib/gcc/avr/4.8.1/avr5\libgcc.a(_copy_data.o)
 .text.libgcc.prologue
                0x00000000        0x0 c:/program files (x86)/atmel/atmel toolchain/avr8 gcc/native/3.4.1061/avr8-gnu-toolchain/bin/../lib/gcc/avr/4.8.1/avr5\libgcc.a(_copy_data.o)
 .text.libgcc.builtins
                0x00000000        0x0 c:/program files (x86)/atmel/atmel toolchain/avr8 gcc/native/3.4.1061/avr8-gnu-toolchain/bin/../lib/gcc/avr/4.8.1/avr5\libgcc.a(_copy_data.o)
 .text.libgcc.fmul
                0x00000000        0x0 c:/program files (x86)/atmel/atmel toolchain/avr8 gcc/native/3.4.1061/avr8-gnu-toolchain/bin/../lib/gcc/avr/4.8.1/avr5\libgcc.a(_copy_data.o)
 .text.libgcc.fixed
                0x00000000        0x0 c:/program files (x86)/atmel/atmel toolchain/avr8 gcc/native/3.4.1061/avr8-gnu-toolchain/bin/../lib/gcc/avr/4.8.1/avr5\libgcc.a(_copy_data.o)
 .text          0x00000000        0x0 c:/program files (x86)/atmel/atmel toolchain/avr8 gcc/native/3.4.1061/avr8-gnu-toolchain/bin/../lib/gcc/avr/4.8.1/avr5\libgcc.a(_clear_bss.o)
 .data          0x00000000        0x0 c:/program files (x86)/atmel/atmel toolchain/avr8 gcc/native/3.4.1061/avr8-gnu-toolchain/bin/../lib/gcc/avr/4.8.1/avr5\libgcc.a(_clear_bss.o)
 .bss           0x00000000        0x0 c:/program files (x86)/atmel/atmel toolchain/avr8 gcc/native/3.4.1061/avr8-gnu-toolchain/bin/../lib/gcc/avr/4.8.1/avr5\libgcc.a(_clear_bss.o)
 .text.libgcc.mul
                0x00000000        0x0 c:/program files (x86)/atmel/atmel toolchain/avr8 gcc/native/3.4.1061/avr8-gnu-toolchain/bin/../lib/gcc/avr/4.8.1/avr5\libgcc.a(_clear_bss.o)
 .text.libgcc.div
                0x00000000        0x0 c:/program files (x86)/atmel/atmel toolchain/avr8 gcc/native/3.4.1061/avr8-gnu-toolchain/bin/../lib/gcc/avr/4.8.1/avr5\libgcc.a(_clear_bss.o)
 .text.libgcc   0x00000000        0x0 c:/program files (x86)/atmel/atmel toolchain/avr8 gcc/native/3.4.1061/avr8-gnu-toolchain/bin/../lib/gcc/avr/4.8.1/avr5\libgcc.a(_clear_bss.o)
 .text.libgcc.prologue
                0x00000000        0x0 c:/program files (x86)/atmel/atmel toolchain/avr8 gcc/native/3.4.1061/avr8-gnu-toolchain/bin/../lib/gcc/avr/4.8.1/avr5\libgcc.a(_clear_bss.o)
 .text.libgcc.builtins
                0x00000000        0x0 c:/program files (x86)/atmel/atmel toolchain/avr8 gcc/native/3.4.1061/avr8-gnu-toolchain/bin/../lib/gcc/avr/4.8.1/avr5\libgcc.a(_clear_bss.o)
 .text.libgcc.fmul
                0x00000000        0x0 c:/program files (x86)/atmel/atmel toolchain/avr8 gcc/native/3.4.1061/avr8-gnu-toolchain/bin/../lib/gcc/avr/4.8.1/avr5\libgcc.a(_clear_bss.o)
 .text.libgcc.fixed
                0x00000000        0x0 c:/program files (x86)/atmel/atmel toolchain/avr8 gcc/native/3.4.1061/avr8-gnu-toolchain/bin/../lib/gcc/avr/4.8.1/avr5\libgcc.a(_clear_bss.o)
 .text          0x00000000        0x0 c:/program files (x86)/atmel/atmel toolchain/avr8 gcc/native/3.4.1061/avr8-gnu-toolchain/bin/../lib/gcc/avr/4.8.1/avr5\libgcc.a(_umulhisi3.o)
 .data          0x00000000        0x0 c:/program files (x86)/atmel/atmel toolchain/avr8 gcc/native/3.4.1061/avr8-gnu-toolchain/bin/../lib/gcc/avr/4.8.1/avr5\libgcc.a(_umulhisi3.o)
 .bss           0x00000000        0x0 c:/program files (x86)/atmel/atmel toolchain/avr8 gcc/native/3.4.1061/avr8-gnu-toolchain/bin/../lib/gcc/avr/4.8.1/avr5\libgcc.a(_umulhisi3.o)
 .text.libgcc.mul
                0x00000000       0x1e c:/program files (x86)/atmel/atmel toolchain/avr8 gcc/native/3.4.1061/avr8-gnu-toolchain/bin/../lib/gcc/avr/4.8.1/avr5\libgcc.a(_umulhisi3.o)
 .text.libgcc.div
                0x00000000        0x0 c:/program files (x86)/atmel/atmel toolchain/avr8 gcc/native/3.4.1061/avr8-gnu-toolchain/bin/../lib/gcc/avr/4.8.1/avr5\libgcc.a(_umulhisi3.o)
 .text.libgcc   0x00000000        0x0 c:/program files (x86)/atmel/atmel toolchain/avr8 gcc/native/3.4.1061/avr8-gnu-toolchain/bin/../lib/gcc/avr/4.8.1/avr5\libgcc.a(_umulhisi3.o)
 .text.libgcc.prologue
                0x00000000        0x0 c:/program files (x86)/atmel/atmel toolchain/avr8 gcc/native/3.4.1061/avr8-gnu-toolchain/bin/../lib/gcc/avr/4.8.1/avr5\libgcc.a(_umulhisi3.o)
 .text.libgcc.builtins
                0x00000000        0x0 c:/program files (x86)/atmel/atmel toolchain/avr8 gcc/native/3.4.1061/avr8-gnu-toolchain/bin/../lib/gcc/avr/4.8.1/avr5\libgcc.a(_umulhisi3.o)
 .text.libgcc.fmul
                0x00000000        0x0 c:/program files (x86)/atmel/atmel toolchain/avr8 gcc/native/3.4.1061/avr8-gnu-toolchain/bin/../lib/gcc/avr/4.8.1/avr5\libgcc.a(_umulhisi3.o)
 .text.libgcc.fixed
                0x00000000        0x0 c:/program files (x86)/atmel/atmel toolchain/avr8 gcc/native/3.4.1061/avr8-gnu-toolchain/bin/../lib/gcc/avr/4.8.1/avr5\libgcc.a(_umulhisi3.o)
 .text          0x00000000        0x0 c:/program files (x86)/atmel/atmel toolchain/avr8 gcc/native/3.4.1061/avr8-gnu-toolchain/bin/../lib/gcc/avr/4.8.1/avr5\libgcc.a(_usmulhisi3.o)
 .data          0x00000000        0x0 c:/program files (x86)/atmel/atmel toolchain/avr8 gcc/native/3.4.1061/avr8-gnu-toolchain/bin/../lib/gcc/avr/4.8.1/avr5\libgcc.a(_usmulhisi3.o)
 .bss           0x00000000        0x0 c:/program files (x86)/atmel/atmel toolchain/avr8 gcc/native/3.4.1061/avr8-gnu-toolchain/bin/../lib/gcc/avr/4.8.1/avr5\libgcc.a(_usmulhisi3.o)
 .text.libgcc.mul
                0x00000000        0xe c:/program files (x86)/atmel/atmel toolchain/avr8 gcc/native/3.4.1061/avr8-gnu-toolchain/bin/../lib/gcc/avr/4.8.1/avr5\libgcc.a(_usmulhisi3.o)
 .text.libgcc.div
                0x00000000        0x0 c:/program files (x86)/atmel/atmel toolchain/avr8 gcc/native/3.4.1061/avr8-gnu-toolchain/bin/../lib/gcc/avr/4.8.1/avr5\libgcc.a(_usmulhisi3.o)
 .text.libgcc   0x00000000        0x0 c:/program files (x86)/atmel/atmel toolchain/avr8 gcc/native/3.4.1061/avr8-gnu-toolchain/bin/../lib/gcc/avr/4.8.1/avr5\libgcc.a(_usmulhisi3.o)
 .text.libgcc.prologue
                0x00000000        0x0 c:/program files (x86)/atmel/atmel toolchain/avr8 gcc/native/3.4.1061/avr8-gnu-toolchain/bin/../lib/gcc/avr/4.8.1/avr5\libgcc.a(_usmulhisi3.o)
 .text.libgcc.builtins
                0x00000000        0x0 c:/program files (x86)/atmel/atmel toolchain/avr8 gcc/native/3.4.1061/avr8-gnu-toolchain/bin/../lib/gcc/avr/4.8.1/avr5\libgcc.a(_usmulhisi3.o)
 .text.libgcc.fmul
                0x00000000        0x0 c:/program files (x86)/atmel/atmel toolchain/avr8 gcc/native/3.4.1061/avr8-gnu-toolchain/bin/../lib/gcc/avr/4.8.1/avr5\libgcc.a(_usmulhisi3.o)
 .text.libgcc.fixed
                0x00000000        0x0 c:/program files (x86)/atmel/atmel toolchain/avr8 gcc/native/3.4.1061/avr8-gnu-toolchain/bin/../lib/gcc/avr/4.8.1/avr5\libgcc.a(_usmulhisi3.o)
 .text          0x00000000        0x0 c:/program files (x86)/atmel/atmel toolchain/avr8 gcc/native/3.4.1061/avr8-gnu-toolchain/bin/../lib/gcc/avr/4.8.1/avr5\libgcc.a(_muluhisi3.o)
 .data          0x00000000        0x0 c:/program files (x86)/atmel/atmel toolchain/avr8 gcc/native/3.4.1061/avr8-gnu-toolchain/bin/../lib/gcc/avr/4.8.1/avr5\libgcc.a(_muluhisi3.o)
 .bss           0x00000000        0x0 c:/program files (x86)/atmel/atmel toolchain/avr8 gcc/native/3.4.1061/avr8-gnu-toolchain/bin/../lib/gcc/avr/4.8.1/avr5\libgcc.a(_muluhisi3.o)
 .text.libgcc.mul
                0x00000000       0x16 c:/program files (x86)/atmel/atmel toolchain/avr8 gcc/native/3.4.1061/avr8-gnu-toolchain/bin/../lib/gcc/avr/4.8.1/avr5\libgcc.a(_muluhisi3.o)
 .text.libgcc.div
                0x00000000        0x0 c:/program files (x86)/atmel/atmel toolchain/avr8 gcc/native/3.4.1061/avr8-gnu-toolchain/bin/../lib/gcc/avr/4.8.1/avr5\libgcc.a(_muluhisi3.o)
 .text.libgcc   0x00000000        0x0 c:/program files (x86)/atmel/atmel toolchain/avr8 gcc/native/3.4.1061/avr8-gnu-toolchain/bin/../lib/gcc/avr/4.8.1/avr5\libgcc.a(_muluhisi3.o)
 .text.libgcc.prologue
                0x00000000        0x0 c:/program files (x86)/atmel/atmel toolchain/avr8 gcc/native/3.4.1061/avr8-gnu-toolchain/bin/../lib/gcc/avr/4.8.1/avr5\libgcc.a(_muluhisi3.o)
 .text.libgcc.builtins
                0x00000000        0x0 c:/program files (x86)/atmel/atmel toolchain/avr8 gcc/native/3.4.1061/avr8-gnu-toolchain/bin/../lib/gcc/avr/4.8.1/avr5\libgcc.a(_muluhisi3.o)
 .text.libgcc.fmul
                0x00000000        0x0 c:/program files (x86)/atmel/atmel toolchain/avr8 gcc/native/3.4.1061/avr8-gnu-toolchain/bin/../lib/gcc/avr/4.8.1/avr5\libgcc.a(_muluhisi3.o)
 .text.libgcc.fixed
                0x00000000        0x0 c:/program files (x86)/atmel/atmel toolchain/avr8 gcc/native/3.4.1061/avr8-gnu-toolchain/bin/../lib/gcc/avr/4.8.1/avr5\libgcc.a(_muluhisi3.o)
 .text          0x00000000        0x0 c:/program files (x86)/atmel/atmel toolchain/avr8 gcc/native/3.4.1061/avr8-gnu-toolchain/bin/../lib/gcc/avr/4.8.1/../../../../avr/lib/avr5\libc.a(setjmp.o)
 .data          0x00000000        0x0 c:/program files (x86)/atmel/atmel toolchain/avr8 gcc/native/3.4.1061/avr8-gnu-toolchain/bin/../lib/gcc/avr/4.8.1/../../../../avr/lib/avr5\libc.a(setjmp.o)
 .bss           0x00000000        0x0 c:/program files (x86)/atmel/atmel toolchain/avr8 gcc/native/3.4.1061/avr8-gnu-toolchain/bin/../lib/gcc/avr/4.8.1/../../../../avr/lib/avr5\libc.a(setjmp.o)
 .text.avr-libc
                0x00000000       0x82 c:/program files (x86)/atmel/atmel toolchain/avr8 gcc/native/3.4.1061/avr8-gnu-toolchain/bin/../lib/gcc/avr/4.8.1/../../../../avr/lib/avr5\libc.a(setjmp.o)
 .text          0x00000000        0x0 c:/program files (x86)/atmel/atmel toolchain/avr8 gcc/native/3.4.1061/avr8-gnu-toolchain/bin/../lib/gcc/avr/4.8.1/../../../../avr/lib/avr5\libc.a(fputc.o)
 .data          0x00000000        0x0 c:/program files (x86)/atmel/atmel toolchain/avr8 gcc/native/3.4.1061/avr8-gnu-toolchain/bin/../lib/gcc/avr/4.8.1/../../../../avr/lib/avr5\libc.a(fputc.o)
 .bss           0x00000000        0x0 c:/program files (x86)/atmel/atmel toolchain/avr8 gcc/native/3.4.1061/avr8-gnu-toolchain/bin/../lib/gcc/avr/4.8.1/../../../../avr/lib/avr5\libc.a(fputc.o)
 .text.avr-libc
                0x00000000       0x64 c:/program files (x86)/atmel/atmel toolchain/avr8 gcc/native/3.4.1061/avr8-gnu-toolchain/bin/../lib/gcc/avr/4.8.1/../../../../avr/lib/avr5\libc.a(fputc.o)
 .comment       0x00000000       0x31 c:/program files (x86)/atmel/atmel toolchain/avr8 gcc/native/3.4.1061/avr8-gnu-toolchain/bin/../lib/gcc/avr/4.8.1/../../../../avr/lib/avr5\libc.a(fputc.o)
 .text          0x00000000        0x0 c:/program files (x86)/atmel/atmel toolchain/avr8 gcc/native/3.4.1061/avr8-gnu-toolchain/bin/../lib/gcc/avr/4.8.1/../../../../avr/lib/avr5\libc.a(iob.o)
 .data          0x00000000        0x0 c:/program files (x86)/atmel/atmel toolchain/avr8 gcc/native/3.4.1061/avr8-gnu-toolchain/bin/../lib/gcc/avr/4.8.1/../../../../avr/lib/avr5\libc.a(iob.o)
 .bss           0x00000000        0x0 c:/program files (x86)/atmel/atmel toolchain/avr8 gcc/native/3.4.1061/avr8-gnu-toolchain/bin/../lib/gcc/avr/4.8.1/../../../../avr/lib/avr5\libc.a(iob.o)
 .comment       0x00000000       0x31 c:/program files (x86)/atmel/atmel toolchain/avr8 gcc/native/3.4.1061/avr8-gnu-toolchain/bin/../lib/gcc/avr/4.8.1/../../../../avr/lib/avr5\libc.a(iob.o)
 COMMON         0x00000000        0x6 c:/program files (x86)/atmel/atmel toolchain/avr8 gcc/native/3.4.1061/avr8-gnu-toolchain/bin/../lib/gcc/avr/4.8.1/../../../../avr/lib/avr5\libc.a(iob.o)
 .text          0x00000000        0x0 c:/program files (x86)/atmel/atmel toolchain/avr8 gcc/native/3.4.1061/avr8-gnu-toolchain/bin/../lib/gcc/avr/4.8.1/../../../../avr/lib/avr5\libc.a(printf.o)
 .data          0x00000000        0x0 c:/program files (x86)/atmel/atmel toolchain/avr8 gcc/native/3.4.1061/avr8-gnu-toolchain/bin/../lib/gcc/avr/4.8.1/../../../../avr/lib/avr5\libc.a(printf.o)
 .bss           0x00000000        0x0 c:/program files (x86)/atmel/atmel toolchain/avr8 gcc/native/3.4.1061/avr8-gnu-toolchain/bin/../lib/gcc/avr/4.8.1/../../../../avr/lib/avr5\libc.a(printf.o)
 .text.avr-libc
                0x00000000       0x28 c:/program files (x86)/atmel/atmel toolchain/avr8 gcc/native/3.4.1061/avr8-gnu-toolchain/bin/../lib/gcc/avr/4.8.1/../../../../avr/lib/avr5\libc.a(printf.o)
 .comment       0x00000000       0x31 c:/program files (x86)/atmel/atmel toolchain/avr8 gcc/native/3.4.1061/avr8-gnu-toolchain/bin/../lib/gcc/avr/4.8.1/../../../../avr/lib/avr5\libc.a(printf.o)
 .text          0x00000000        0x0 c:/program files (x86)/atmel/atmel toolchain/avr8 gcc/native/3.4.1061/avr8-gnu-toolchain/bin/../lib/gcc/avr/4.8.1/../../../../avr/lib/avr5\libc.a(puts.o)
 .data          0x00000000        0x0 c:/program files (x86)/atmel/atmel toolchain/avr8 gcc/native/3.4.1061/avr8-gnu-toolchain/bin/../lib/gcc/avr/4.8.1/../../../../avr/lib/avr5\libc.a(puts.o)
 .bss           0x00000000        0x0 c:/program files (x86)/atmel/atmel toolchain/avr8 gcc/native/3.4.1061/avr8-gnu-toolchain/bin/../lib/gcc/avr/4.8.1/../../../../avr/lib/avr5\libc.a(puts.o)
 .text.avr-libc
                0x00000000       0x5a c:/program files (x86)/atmel/atmel toolchain/avr8 gcc/native/3.4.1061/avr8-gnu-toolchain/bin/../lib/gcc/avr/4.8.1/../../../../avr/lib/avr5\libc.a(puts.o)
 .comment       0x00000000       0x31 c:/program files (x86)/atmel/atmel toolchain/avr8 gcc/native/3.4.1061/avr8-gnu-toolchain/bin/../lib/gcc/avr/4.8.1/../../../../avr/lib/avr5\libc.a(puts.o)
 .text          0x00000000        0x0 c:/program files (x86)/atmel/atmel toolchain/avr8 gcc/native/3.4.1061/avr8-gnu-toolchain/bin/../lib/gcc/avr/4.8.1/../../../../avr/lib/avr5\libc.a(vfprintf_std.o)
 .data          0x00000000        0x0 c:/program files (x86)/atmel/atmel toolchain/avr8 gcc/native/3.4.1061/avr8-gnu-toolchain/bin/../lib/gcc/avr/4.8.1/../../../../avr/lib/avr5\libc.a(vfprintf_std.o)
 .bss           0x00000000        0x0 c:/program files (x86)/atmel/atmel toolchain/avr8 gcc/native/3.4.1061/avr8-gnu-toolchain/bin/../lib/gcc/avr/4.8.1/../../../../avr/lib/avr5\libc.a(vfprintf_std.o)
 .text.avr-libc
                0x00000000      0x3a4 c:/program files (x86)/atmel/atmel toolchain/avr8 gcc/native/3.4.1061/avr8-gnu-toolchain/bin/../lib/gcc/avr/4.8.1/../../../../avr/lib/avr5\libc.a(vfprintf_std.o)
 .comment       0x00000000       0x2d c:/program files (x86)/atmel/atmel toolchain/avr8 gcc/native/3.4.1061/avr8-gnu-toolchain/bin/../lib/gcc/avr/4.8.1/../../../../avr/lib/avr5\libc.a(vfprintf_std.o)
 .text          0x00000000        0x0 c:/program files (x86)/atmel/atmel toolchain/avr8 gcc/native/3.4.1061/avr8-gnu-toolchain/bin/../lib/gcc/avr/4.8.1/../../../../avr/lib/avr5\libc.a(strnlen_P.o)
 .data          0x00000000        0x0 c:/program files (x86)/atmel/atmel toolchain/avr8 gcc/native/3.4.1061/avr8-gnu-toolchain/bin/../lib/gcc/avr/4.8.1/../../../../avr/lib/avr5\libc.a(strnlen_P.o)
 .bss           0x00000000        0x0 c:/program files (x86)/atmel/atmel toolchain/avr8 gcc/native/3.4.1061/avr8-gnu-toolchain/bin/../lib/gcc/avr/4.8.1/../../../../avr/lib/avr5\libc.a(strnlen_P.o)
 .text.avr-libc
                0x00000000       0x16 c:/program files (x86)/atmel/atmel toolchain/avr8 gcc/native/3.4.1061/avr8-gnu-toolchain/bin/../lib/gcc/avr/4.8.1/../../../../avr/lib/avr5\libc.a(strnlen_P.o)
 .text          0x00000000        0x0 c:/program files (x86)/atmel/atmel toolchain/avr8 gcc/native/3.4.1061/avr8-gnu-toolchain/bin/../lib/gcc/avr/4.8.1/../../../../avr/lib/avr5\libc.a(strnlen.o)
 .data          0x00000000        0x0 c:/program files (x86)/atmel/atmel toolchain/avr8 gcc/native/3.4.1061/avr8-gnu-toolchain/bin/../lib/gcc/avr/4.8.1/../../../../avr/lib/avr5\libc.a(strnlen.o)
 .bss           0x00000000        0x0 c:/program files (x86)/atmel/atmel toolchain/avr8 gcc/native/3.4.1061/avr8-gnu-toolchain/bin/../lib/gcc/avr/4.8.1/../../../../avr/lib/avr5\libc.a(strnlen.o)
 .text.avr-libc
                0x00000000       0x16 c:/program files (x86)/atmel/atmel toolchain/avr8 gcc/native/3.4.1061/avr8-gnu-toolchain/bin/../lib/gcc/avr/4.8.1/../../../../avr/lib/avr5\libc.a(strnlen.o)
 .text          0x00000000        0x0 c:/program files (x86)/atmel/atmel toolchain/avr8 gcc/native/3.4.1061/avr8-gnu-toolchain/bin/../lib/gcc/avr/4.8.1/../../../../avr/lib/avr5\libc.a(ultoa_invert.o)
 .data          0x00000000        0x0 c:/program files (x86)/atmel/atmel toolchain/avr8 gcc/native/3.4.1061/avr8-gnu-toolchain/bin/../lib/gcc/avr/4.8.1/../../../../avr/lib/avr5\libc.a(ultoa_invert.o)
 .bss           0x00000000        0x0 c:/program files (x86)/atmel/atmel toolchain/avr8 gcc/native/3.4.1061/avr8-gnu-toolchain/bin/../lib/gcc/avr/4.8.1/../../../../avr/lib/avr5\libc.a(ultoa_invert.o)
 .text.avr-libc
                0x00000000       0xbc c:/program files (x86)/atmel/atmel toolchain/avr8 gcc/native/3.4.1061/avr8-gnu-toolchain/bin/../lib/gcc/avr/4.8.1/../../../../avr/lib/avr5\libc.a(ultoa_invert.o)
 .text          0x00000000        0x0 c:/program files (x86)/atmel/atmel toolchain/avr8 gcc/native/3.4.1061/avr8-gnu-toolchain/bin/../lib/gcc/avr/4.8.1/avr5\libgcc.a(_prologue.o)
 .data          0x00000000        0x0 c:/program files (x86)/atmel/atmel toolchain/avr8 gcc/native/3.4.1061/avr8-gnu-toolchain/bin/../lib/gcc/avr/4.8.1/avr5\libgcc.a(_prologue.o)
 .bss           0x00000000        0x0 c:/program files (x86)/atmel/atmel toolchain/avr8 gcc/native/3.4.1061/avr8-gnu-toolchain/bin/../lib/gcc/avr/4.8.1/avr5\libgcc.a(_prologue.o)
 .text.libgcc.mul
                0x00000000        0x0 c:/program files (x86)/atmel/atmel toolchain/avr8 gcc/native/3.4.1061/avr8-gnu-toolchain/bin/../lib/gcc/avr/4.8.1/avr5\libgcc.a(_prologue.o)
 .text.libgcc.div
                0x00000000        0x0 c:/program files (x86)/atmel/atmel toolchain/avr8 gcc/native/3.4.1061/avr8-gnu-toolchain/bin/../lib/gcc/avr/4.8.1/avr5\libgcc.a(_prologue.o)
 .text.libgcc   0x00000000        0x0 c:/program files (x86)/atmel/atmel toolchain/avr8 gcc/native/3.4.1061/avr8-gnu-toolchain/bin/../lib/gcc/avr/4.8.1/avr5\libgcc.a(_prologue.o)
 .text.libgcc.prologue
                0x00000000       0x38 c:/program files (x86)/atmel/atmel toolchain/avr8 gcc/native/3.4.1061/avr8-gnu-toolchain/bin/../lib/gcc/avr/4.8.1/avr5\libgcc.a(_prologue.o)
 .text.libgcc.builtins
                0x00000000        0x0 c:/program files (x86)/atmel/atmel toolchain/avr8 gcc/native/3.4.1061/avr8-gnu-toolchain/bin/../lib/gcc/avr/4.8.1/avr5\libgcc.a(_prologue.o)
 .text.libgcc.fmul
                0x00000000        0x0 c:/program files (x86)/atmel/atmel toolchain/avr8 gcc/native/3.4.1061/avr8-gnu-toolchain/bin/../lib/gcc/avr/4.8.1/avr5\libgcc.a(_prologue.o)
 .text.libgcc.fixed
                0x00000000        0x0 c:/program files (x86)/atmel/atmel toolchain/avr8 gcc/native/3.4.1061/avr8-gnu-toolchain/bin/../lib/gcc/avr/4.8.1/avr5\libgcc.a(_prologue.o)
 .text          0x00000000        0x0 c:/program files (x86)/atmel/atmel toolchain/avr8 gcc/native/3.4.1061/avr8-gnu-toolchain/bin/../lib/gcc/avr/4.8.1/avr5\libgcc.a(_epilogue.o)
 .data          0x00000000        0x0 c:/program files (x86)/atmel/atmel toolchain/avr8 gcc/native/3.4.1061/avr8-gnu-toolchain/bin/../lib/gcc/avr/4.8.1/avr5\libgcc.a(_epilogue.o)
 .bss           0x00000000        0x0 c:/program files (x86)/atmel/atmel toolchain/avr8 gcc/native/3.4.1061/avr8-gnu-toolchain/bin/../lib/gcc/avr/4.8.1/avr5\libgcc.a(_epilogue.o)
 .text.libgcc.mul
                0x00000000        0x0 c:/program files (x86)/atmel/atmel toolchain/avr8 gcc/native/3.4.1061/avr8-gnu-toolchain/bin/../lib/gcc/avr/4.8.1/avr5\libgcc.a(_epilogue.o)
 .text.libgcc.div
                0x00000000        0x0 c:/program files (x86)/atmel/atmel toolchain/avr8 gcc/native/3.4.1061/avr8-gnu-toolchain/bin/../lib/gcc/avr/4.8.1/avr5\libgcc.a(_epilogue.o)
 .text.libgcc   0x00000000        0x0 c:/program files (x86)/atmel/atmel toolchain/avr8 gcc/native/3.4.1061/avr8-gnu-toolchain/bin/../lib/gcc/avr/4.8.1/avr5\libgcc.a(_epilogue.o)
 .text.libgcc.prologue
                0x00000000       0x36 c:/program files (x86)/atmel/atmel toolchain/avr8 gcc/native/3.4.1061/avr8-gnu-toolchain/bin/../lib/gcc/avr/4.8.1/avr5\libgcc.a(_epilogue.o)
 .text.libgcc.builtins
                0x00000000        0x0 c:/program files (x86)/atmel/atmel toolchain/avr8 gcc/native/3.4.1061/avr8-gnu-toolchain/bin/../lib/gcc/avr/4.8.1/avr5\libgcc.a(_epilogue.o)
 .text.libgcc.fmul
                0x00000000        0x0 c:/program files (x86)/atmel/atmel toolchain/avr8 gcc/native/3.4.1061/avr8-gnu-toolchain/bin/../lib/gcc/avr/4.8.1/avr5\libgcc.a(_epilogue.o)
 .text.libgcc.fixed
                0x00000000        0x0 c:/program files (x86)/atmel/atmel toolchain/avr8 gcc/native/3.4.1061/avr8-gnu-toolchain/bin/../lib/gcc/avr/4.8.1/avr5\libgcc.a(_epilogue.o)

Memory Configuration

Name             Origin             Length             Attributes
text             0x00000000         0x00020000         xr
data             0x00800060         0x0000ffa0         rw !x
eeprom           0x00810000         0x00010000         rw !x
fuse             0x00820000         0x00000400         rw !x
lock             0x00830000         0x00000400         rw !x
signature        0x00840000         0x00000400         rw !x
user_signatures  0x00850000         0x00000400         rw !x
*default*        0x00000000         0xffffffff

Linker script and memory map

Address of section .data set to 0x800100
LOAD c:/program files (x86)/atmel/atmel toolchain/avr8 gcc/native/3.4.1061/avr8-gnu-toolchain/bin/../lib/gcc/avr/4.8.1/../../../../avr/lib/avr5/crtm328p.o
LOAD src/ASF/common/boards/user_board/init.o
LOAD src/ASF/common/services/calendar/calendar.o
LOAD src/ASF/common/services/clock/mega/sysclk.o
LOAD src/ASF/common/utils/stdio/read.o
LOAD src/ASF/common/utils/stdio/write.o
LOAD src/ASF/common/utils/unit_test/suite.o
LOAD src/main.o
START GROUP
LOAD c:/program files (x86)/atmel/atmel toolchain/avr8 gcc/native/3.4.1061/avr8-gnu-toolchain/bin/../lib/gcc/avr/4.8.1/../../../../avr/lib/avr5\libm.a
END GROUP
START GROUP
LOAD c:/program files (x86)/atmel/atmel toolchain/avr8 gcc/native/3.4.1061/avr8-gnu-toolchain/bin/../lib/gcc/avr/4.8.1/avr5\libgcc.a
LOAD c:/program files (x86)/atmel/atmel toolchain/avr8 gcc/native/3.4.1061/avr8-gnu-toolchain/bin/../lib/gcc/avr/4.8.1/../../../../avr/lib/avr5\libm.a
LOAD c:/program files (x86)/atmel/atmel toolchain/avr8 gcc/native/3.4.1061/avr8-gnu-toolchain/bin/../lib/gcc/avr/4.8.1/../../../../avr/lib/avr5\libc.a
END GROUP

.hash
 *(.hash)

.dynsym
 *(.dynsym)

.dynstr
 *(.dynstr)

.gnu.version
 *(.gnu.version)

.gnu.version_d
 *(.gnu.version_d)

.gnu.version_r
 *(.gnu.version_r)

.rel.init
 *(.rel.init)

.rela.init
 *(.rela.init)

.rel.text
 *(.rel.text)
 *(.rel.text.*)
 *(.rel.gnu.linkonce.t*)

.rela.text
 *(.rela.text)
 *(.rela.text.*)
 *(.rela.gnu.linkonce.t*)

.rel.fini
 *(.rel.fini)

.rela.fini
 *(.rela.fini)

.rel.rodata
 *(.rel.rodata)
 *(.rel.rodata.*)
 *(.rel.gnu.linkonce.r*)

.rela.rodata
 *(.rela.rodata)
 *(.rela.rodata.*)
 *(.rela.gnu.linkonce.r*)

.rel.data
 *(.rel.data)
 *(.rel.data.*)
 *(.rel.gnu.linkonce.d*)

.rela.data
 *(.rela.data)
 *(.rela.data.*)
 *(.rela.gnu.linkonce.d*)

.rel.ctors
 *(.rel.ctors)

.rela.ctors
 *(.rela.ctors)

.rel.dtors
 *(.rel.dtors)

.rela.dtors
 *(.rela.dtors)

.rel.got
 *(.rel.got)

.rela.got
 *(.rela.got)

.rel.bss
 *(.rel.bss)

.rela.bss
 *(.rela.bss)

.rel.plt
 *(.rel.plt)

.rela.plt
 *(.rela.plt)

.text           0x00000000       0xae
 *(.vectors)
 .vectors       0x00000000       0x68 c:/program files (x86)/atmel/atmel toolchain/avr8 gcc/native/3.4.1061/avr8-gnu-toolchain/bin/../lib/gcc/avr/4.8.1/../../../../avr/lib/avr5/crtm328p.o
                0x00000000                __vector_default
                0x00000000                __vectors
 *(.vectors)
 *(.progmem.gcc*)
                0x00000068                . = ALIGN (0x2)
                0x00000068                __trampolines_start = .
 *(.trampolines)
 .trampolines   0x00000068        0x0 linker stubs
 *(.trampolines*)
                0x00000068                __trampolines_end = .
 *(.progmem*)
                0x00000068                . = ALIGN (0x2)
 *(.jumptables)
 *(.jumptables*)
 *(.lowtext)
 *(.lowtext*)
                0x00000068                __ctors_start = .
 *(.ctors)
                0x00000068                __ctors_end = .
                0x00000068                __dtors_start = .
 *(.dtors)
                0x00000068                __dtors_end = .
 SORT(*)(.ctors)
 SORT(*)(.dtors)
 *(.init0)
 .init0         0x00000068        0x0 c:/program files (x86)/atmel/atmel toolchain/avr8 gcc/native/3.4.1061/avr8-gnu-toolchain/bin/../lib/gcc/avr/4.8.1/../../../../avr/lib/avr5/crtm328p.o
                0x00000068                __init
 *(.init0)
 *(.init1)
 *(.init1)
 *(.init2)
 .init2         0x00000068        0xc c:/program files (x86)/atmel/atmel toolchain/avr8 gcc/native/3.4.1061/avr8-gnu-toolchain/bin/../lib/gcc/avr/4.8.1/../../../../avr/lib/avr5/crtm328p.o
 *(.init2)
 *(.init3)
 *(.init3)
 *(.init4)
 .init4         0x00000074       0x16 c:/program files (x86)/atmel/atmel toolchain/avr8 gcc/native/3.4.1061/avr8-gnu-toolchain/bin/../lib/gcc/avr/4.8.1/avr5\libgcc.a(_copy_data.o)
                0x00000074                __do_copy_data
 .init4         0x0000008a       0x10 c:/program files (x86)/atmel/atmel toolchain/avr8 gcc/native/3.4.1061/avr8-gnu-toolchain/bin/../lib/gcc/avr/4.8.1/avr5\libgcc.a(_clear_bss.o)
                0x0000008a                __do_clear_bss
 *(.init4)
 *(.init5)
 *(.init5)
 *(.init6)
 *(.init6)
 *(.init7)
 *(.init7)
 *(.init8)
 *(.init8)
 *(.init9)
 .init9         0x0000009a        0x4 c:/program files (x86)/atmel/atmel toolchain/avr8 gcc/native/3.4.1061/avr8-gnu-toolchain/bin/../lib/gcc/avr/4.8.1/../../../../avr/lib/avr5/crtm328p.o
 *(.init9)
 *(.text)
 .text          0x0000009e        0x2 c:/program files (x86)/atmel/atmel toolchain/avr8 gcc/native/3.4.1061/avr8-gnu-toolchain/bin/../lib/gcc/avr/4.8.1/../../../../avr/lib/avr5/crtm328p.o
                0x0000009e                __vector_22
                0x0000009e                __vector_1
                0x0000009e                __vector_24
                0x0000009e                __vector_12
                0x0000009e                __bad_interrupt
                0x0000009e                __vector_6
                0x0000009e                __vector_3
                0x0000009e                __vector_23
                0x0000009e                __vector_25
                0x0000009e                __vector_11
                0x0000009e                __vector_13
                0x0000009e                __vector_17
                0x0000009e                __vector_19
                0x0000009e                __vector_7
                0x0000009e                __vector_5
                0x0000009e                __vector_4
                0x0000009e                __vector_9
                0x0000009e                __vector_2
                0x0000009e                __vector_21
                0x0000009e                __vector_15
                0x0000009e                __vector_8
                0x0000009e                __vector_14
                0x0000009e                __vector_10
                0x0000009e                __vector_16
                0x0000009e                __vector_18
                0x0000009e                __vector_20
                0x000000a0                . = ALIGN (0x2)
 *(.text.*)
 .text.board_init
                0x000000a0        0x2 src/ASF/common/boards/user_board/init.o
                0x000000a0                board_init
 .text.main     0x000000a2        0x8 src/main.o
                0x000000a2                main
                0x000000aa                . = ALIGN (0x2)
 *(.fini9)
 .fini9         0x000000aa        0x0 c:/program files (x86)/atmel/atmel toolchain/avr8 gcc/native/3.4.1061/avr8-gnu-toolchain/bin/../lib/gcc/avr/4.8.1/avr5\libgcc.a(_exit.o)
                0x000000aa                _exit
                0x000000aa                exit
 *(.fini9)
 *(.fini8)
 *(.fini8)
 *(.fini7)
 *(.fini7)
 *(.fini6)
 *(.fini6)
 *(.fini5)
 *(.fini5)
 *(.fini4)
 *(.fini4)
 *(.fini3)
 *(.fini3)
 *(.fini2)
 *(.fini2)
 *(.fini1)
 *(.fini1)
 *(.fini0)
 .fini0         0x000000aa        0x4 c:/program files (x86)/atmel/atmel toolchain/avr8 gcc/native/3.4.1061/avr8-gnu-toolchain/bin/../lib/gcc/avr/4.8.1/avr5\libgcc.a(_exit.o)
 *(.fini0)
                0x000000ae                _etext = .

.data           0x00800100        0x0 load address 0x000000ae
                0x00800100                PROVIDE (__data_start, .)
 *(.data)
 *(.data*)
 *(.rodata)
 *(.rodata*)
 *(.gnu.linkonce.d*)
                0x00800100                . = ALIGN (0x2)
                0x00800100                _edata = .
                0x00800100                PROVIDE (__data_end, .)

.bss            0x00800100        0x0
                0x00800100                PROVIDE (__bss_start, .)
 *(.bss)
 *(.bss*)
 *(COMMON)
                0x00800100                PROVIDE (__bss_end, .)
                0x000000ae                __data_load_start = LOADADDR (.data)
                0x000000ae                __data_load_end = (__data_load_start + SIZEOF (.data))

.noinit         0x00800060        0x0
                0x00800060                PROVIDE (__noinit_start, .)
 *(.noinit*)
                0x00800060                PROVIDE (__noinit_end, .)
                0x00800060                _end = .
                0x00800060                PROVIDE (__heap_start, .)

.eeprom         0x00810000        0x0
 *(.eeprom*)
                0x00810000                __eeprom_end = .

.fuse
 *(.fuse)
 *(.lfuse)
 *(.hfuse)
 *(.efuse)

.lock
 *(.lock*)

.signature
 *(.signature*)

.user_signatures
 *(.user_signatures*)

.stab
 *(.stab)

.stabstr
 *(.stabstr)

.stab.excl
 *(.stab.excl)

.stab.exclstr
 *(.stab.exclstr)

.stab.index
 *(.stab.index)

.stab.indexstr
 *(.stab.indexstr)

.comment        0x00000000       0x30
 *(.comment)
 .comment       0x00000000       0x30 src/ASF/common/boards/user_board/init.o
                                 0x31 (size before relaxing)
 .comment       0x00000000       0x31 src/main.o

.note.gnu.build-id
 *(.note.gnu.build-id)

.debug
 *(.debug)

.line
 *(.line)

.debug_srcinfo
 *(.debug_srcinfo)

.debug_sfnames
 *(.debug_sfnames)

.debug_aranges  0x00000000       0x40
 *(.debug_aranges)
 .debug_aranges
                0x00000000       0x20 src/ASF/common/boards/user_board/init.o
 .debug_aranges
                0x00000020       0x20 src/main.o

.debug_pubnames
 *(.debug_pubnames)

.debug_info     0x00000000      0x245
 *(.debug_info .gnu.linkonce.wi.*)
 .debug_info    0x00000000      0x114 src/ASF/common/boards/user_board/init.o
 .debug_info    0x00000114      0x131 src/main.o

.debug_abbrev   0x00000000      0x178
 *(.debug_abbrev)
 .debug_abbrev  0x00000000       0xac src/ASF/common/boards/user_board/init.o
 .debug_abbrev  0x000000ac       0xcc src/main.o

.debug_line     0x00000000      0xbd0
 *(.debug_line .debug_line.* .debug_line_end)
 .debug_line    0x00000000      0x5e2 src/ASF/common/boards/user_board/init.o
 .debug_line    0x000005e2      0x5ee src/main.o

.debug_frame    0x00000000       0x48
 *(.debug_frame)
 .debug_frame   0x00000000       0x24 src/ASF/common/boards/user_board/init.o
 .debug_frame   0x00000024       0x24 src/main.o

.debug_str      0x00000000     0xf35c
 *(.debug_str)
 .debug_str     0x00000000     0xf349 src/ASF/common/boards/user_board/init.o
                               0xf54f (size before relaxing)
 .debug_str     0x0000f349       0x13 src/main.o
                               0xf537 (size before relaxing)

.debug_loc
 *(.debug_loc)

.debug_macinfo
 *(.debug_macinfo)

.debug_weaknames
 *(.debug_weaknames)

.debug_funcnames
 *(.debug_funcnames)

.debug_typenames
 *(.debug_typenames)

.debug_varnames
 *(.debug_varnames)

.debug_pubtypes
 *(.debug_pubtypes)

.debug_ranges   0x00000000       0x20
 *(.debug_ranges)
 .debug_ranges  0x00000000       0x10 src/ASF/common/boards/user_board/init.o
 .debug_ranges  0x00000010       0x10 src/main.o

.debug_macro    0x00000000     0x3a0a
 *(.debug_macro)
 .debug_macro   0x00000000      0x21a src/ASF/common/boards/user_board/init.o
 .debug_macro   0x0000021a      0xa3c src/ASF/common/boards/user_board/init.o
 .debug_macro   0x00000c56       0x10 src/ASF/common/boards/user_board/init.o
 .debug_macro   0x00000c66      0x1ad src/ASF/common/boards/user_board/init.o
 .debug_macro   0x00000e13      0x293 src/ASF/common/boards/user_board/init.o
 .debug_macro   0x000010a6       0x9e src/ASF/common/boards/user_board/init.o
 .debug_macro   0x00001144     0x13ae src/ASF/common/boards/user_board/init.o
 .debug_macro   0x000024f2      0x13a src/ASF/common/boards/user_board/init.o
 .debug_macro   0x0000262c       0xbd src/ASF/common/boards/user_board/init.o
 .debug_macro   0x000026e9       0x34 src/ASF/common/boards/user_board/init.o
 .debug_macro   0x0000271d       0x18 src/ASF/common/boards/user_board/init.o
 .debug_macro   0x00002735       0x6c src/ASF/common/boards/user_board/init.o
 .debug_macro   0x000027a1       0x22 src/ASF/common/boards/user_board/init.o
 .debug_macro   0x000027c3      0x166 src/ASF/common/boards/user_board/init.o
 .debug_macro   0x00002929       0x1c src/ASF/common/boards/user_board/init.o
 .debug_macro   0x00002945       0x35 src/ASF/common/boards/user_board/init.o
 .debug_macro   0x0000297a       0x66 src/ASF/common/boards/user_board/init.o
 .debug_macro   0x000029e0      0x517 src/ASF/common/boards/user_board/init.o
 .debug_macro   0x00002ef7       0x2f src/ASF/common/boards/user_board/init.o
 .debug_macro   0x00002f26       0x58 src/ASF/common/boards/user_board/init.o
 .debug_macro   0x00002f7e       0x10 src/ASF/common/boards/user_board/init.o
 .debug_macro   0x00002f8e       0xeb src/ASF/common/boards/user_board/init.o
 .debug_macro   0x00003079       0x5f src/ASF/common/boards/user_board/init.o
 .debug_macro   0x000030d8       0x12 src/ASF/common/boards/user_board/init.o
 .debug_macro   0x000030ea       0x69 src/ASF/common/boards/user_board/init.o
 .debug_macro   0x00003153       0x2c src/ASF/common/boards/user_board/init.o
 .debug_macro   0x0000317f       0x10 src/ASF/common/boards/user_board/init.o
 .debug_macro   0x0000318f       0xe2 src/ASF/common/boards/user_board/init.o
 .debug_macro   0x00003271       0x40 src/ASF/common/boards/user_board/init.o
 .debug_macro   0x000032b1      0x100 src/ASF/common/boards/user_board/init.o
 .debug_macro   0x000033b1       0x1c src/ASF/common/boards/user_board/init.o
 .debug_macro   0x000033cd       0x10 src/ASF/common/boards/user_board/init.o
 .debug_macro   0x000033dd       0x22 src/ASF/common/boards/user_board/init.o
 .debug_macro   0x000033ff       0x3a src/ASF/common/boards/user_board/init.o
 .debug_macro   0x00003439      0x25d src/ASF/common/boards/user_board/init.o
 .debug_macro   0x00003696       0x79 src/ASF/common/boards/user_board/init.o
 .debug_macro   0x0000370f       0x28 src/ASF/common/boards/user_board/init.o
 .debug_macro   0x00003737       0x23 src/ASF/common/boards/user_board/init.o
 .debug_macro   0x0000375a       0x56 src/ASF/common/boards/user_board/init.o
 .debug_macro   0x000037b0       0x40 src/ASF/common/boards/user_board/init.o
 .debug_macro   0x000037f0      0x21a src/main.o
OUTPUT(ASF_Mod.elf elf32-avr)
LOAD linker stubs
